2025-09-04 10:10:28,627 INFO src optimizer_vpbo start trials=1 splits=4 dim=2
2025-09-04 10:10:28,629 DEBUG src random seed for splits created shape=(4, 2)
2025-09-04 10:12:29,390 INFO src optimizer_vpbo start trials=1 splits=4 dim=2
2025-09-04 10:12:29,392 DEBUG src random seed for splits created shape=(4, 2)
2025-09-04 10:15:28,252 INFO src initial eval done n=5
2025-09-04 10:15:28,254 DEBUG src ref_model_zero called batch=1 splits=4
2025-09-04 10:15:28,255 DEBUG src ref_model_zero called batch=1 splits=4
2025-09-04 10:15:28,255 DEBUG src ref_model_zero called batch=1 splits=4
2025-09-04 10:15:28,256 DEBUG src ref_model_zero called batch=1 splits=4
2025-09-04 10:15:28,256 DEBUG src ref_model_zero called batch=1 splits=4
2025-09-04 10:15:28,385 INFO src GP models initialized count=4
2025-09-04 10:15:28,386 DEBUG src restarts per split=8
2025-09-04 10:18:37,423 DEBUG src ref_model_zero called batch=1 splits=4
2025-09-04 10:18:37,424 DEBUG src ref_model_zero called batch=1 splits=4
2025-09-04 10:18:37,425 DEBUG src ref_model_zero called batch=1 splits=4
2025-09-04 10:18:37,425 DEBUG src ref_model_zero called batch=1 splits=4
2025-09-04 10:18:37,426 DEBUG src ref_model_zero called batch=1 splits=4
2025-09-04 10:18:37,601 INFO src iter=1 evals_total=10 best_current=[0.441407,0.234209,0.503579,0.012012] dt_iter=189.214s dt_total=368.211s
2025-09-04 10:18:37,602 INFO src optimizer_vpbo done total_evals=10 total_time=368.213s
2025-09-04 10:18:37,629 INFO src optimizer_vpbo start trials=1 splits=4 dim=2
2025-09-04 10:18:37,630 DEBUG src random seed for splits created shape=(4, 2)
2025-09-04 10:18:37,631 INFO src distmod_4 start n=1 targets=4
2025-09-04 10:19:06,522 INFO src [Eval] thr=0.433, hidden=21, k=5, MRE=0.627294
2025-09-04 10:19:06,523 INFO src [Eval] thr=0.433, hidden=21, k=5, MRE=1.211390
2025-09-04 10:19:06,524 INFO src [Eval] thr=0.433, hidden=21, k=5, MRE=0.957392
2025-09-04 10:19:06,525 INFO src [Eval] thr=0.433, hidden=21, k=5, MRE=0.035144
2025-09-04 10:19:06,525 INFO src 
2025-09-04 10:19:06,526 INFO src distmod_4 done in 28.895s
2025-09-04 10:19:06,527 INFO src distmod_4 start n=1 targets=4
2025-09-04 10:19:36,093 INFO src [Eval] thr=0.398, hidden=126, k=6, MRE=0.521068
2025-09-04 10:19:36,094 INFO src [Eval] thr=0.398, hidden=126, k=6, MRE=0.934110
2025-09-04 10:19:36,095 INFO src [Eval] thr=0.398, hidden=126, k=6, MRE=0.955153
2025-09-04 10:19:36,096 INFO src [Eval] thr=0.398, hidden=126, k=5, MRE=0.019734
2025-09-04 10:19:36,097 INFO src 
2025-09-04 10:19:36,097 INFO src distmod_4 done in 29.570s
2025-09-04 10:19:36,098 INFO src distmod_4 start n=1 targets=4
2025-09-04 10:20:04,718 INFO src [Eval] thr=0.498, hidden=93, k=5, MRE=0.723694
2025-09-04 10:20:04,719 INFO src [Eval] thr=0.498, hidden=93, k=5, MRE=1.128644
2025-09-04 10:20:04,720 INFO src [Eval] thr=0.498, hidden=93, k=5, MRE=0.859881
2025-09-04 10:20:04,720 INFO src [Eval] thr=0.498, hidden=93, k=5, MRE=0.040405
2025-09-04 10:20:04,721 INFO src 
2025-09-04 10:20:04,722 INFO src distmod_4 done in 28.624s
2025-09-04 10:20:04,723 INFO src distmod_4 start n=1 targets=4
2025-09-04 10:20:20,266 INFO src [Eval] thr=0.899, hidden=143, k=5, MRE=0.564218
2025-09-04 10:20:20,267 INFO src [Eval] thr=0.899, hidden=143, k=5, MRE=1.402672
2025-09-04 10:20:20,268 INFO src [Eval] thr=0.899, hidden=143, k=5, MRE=0.617342
2025-09-04 10:20:20,269 INFO src [Eval] thr=0.899, hidden=143, k=5, MRE=0.033180
2025-09-04 10:20:20,269 INFO src 
2025-09-04 10:20:20,270 INFO src distmod_4 done in 15.547s
2025-09-04 10:20:20,271 INFO src distmod_4 start n=1 targets=4
2025-09-04 10:20:35,109 INFO src [Eval] thr=0.500, hidden=105, k=5, MRE=0.496314
2025-09-04 10:20:35,111 INFO src [Eval] thr=0.500, hidden=105, k=5, MRE=0.821062
2025-09-04 10:20:35,111 INFO src [Eval] thr=0.500, hidden=105, k=5, MRE=1.136222
2025-09-04 10:20:35,112 INFO src [Eval] thr=0.500, hidden=105, k=5, MRE=0.020341
2025-09-04 10:20:35,112 INFO src 
2025-09-04 10:20:35,115 INFO src distmod_4 done in 14.844s
2025-09-04 10:20:35,116 INFO src initial eval done n=5
2025-09-04 10:20:35,117 DEBUG src ref_model_zero called batch=1 splits=4
2025-09-04 10:20:35,118 DEBUG src ref_model_zero called batch=1 splits=4
2025-09-04 10:20:35,118 DEBUG src ref_model_zero called batch=1 splits=4
2025-09-04 10:20:35,119 DEBUG src ref_model_zero called batch=1 splits=4
2025-09-04 10:20:35,119 DEBUG src ref_model_zero called batch=1 splits=4
2025-09-04 10:20:35,282 INFO src GP models initialized count=4
2025-09-04 10:20:35,283 DEBUG src restarts per split=8
2025-09-04 10:20:35,284 DEBUG src LCB_AF value=0.545654 mu=0.586518 std=0.081728 yref=0.000000
2025-09-04 10:20:35,285 DEBUG src LCB_AF value=0.545654 mu=0.586518 std=0.081728 yref=0.000000
2025-09-04 10:20:35,286 DEBUG src LCB_AF value=0.545654 mu=0.586518 std=0.081728 yref=0.000000
2025-09-04 10:20:35,286 DEBUG src LCB_AF value=0.545654 mu=0.586518 std=0.081728 yref=0.000000
2025-09-04 10:20:35,287 DEBUG src LCB_AF value=0.545654 mu=0.586518 std=0.081728 yref=0.000000
2025-09-04 10:20:35,288 DEBUG src LCB_AF value=0.545654 mu=0.586518 std=0.081728 yref=0.000000
2025-09-04 10:20:35,289 DEBUG src LCB_AF value=0.545654 mu=0.586518 std=0.081728 yref=0.000000
2025-09-04 10:20:35,290 DEBUG src LCB_AF value=0.545654 mu=0.586518 std=0.081728 yref=0.000000
2025-09-04 10:20:35,290 DEBUG src LCB_AF value=0.545654 mu=0.586518 std=0.081728 yref=0.000000
2025-09-04 10:20:35,291 DEBUG src LCB_AF value=0.545654 mu=0.586518 std=0.081728 yref=0.000000
2025-09-04 10:20:35,292 DEBUG src LCB_AF value=0.545654 mu=0.586518 std=0.081728 yref=0.000000
2025-09-04 10:20:35,294 DEBUG src LCB_AF value=0.545654 mu=0.586518 std=0.081728 yref=0.000000
2025-09-04 10:20:35,295 DEBUG src LCB_AF value=0.545654 mu=0.586518 std=0.081728 yref=0.000000
2025-09-04 10:20:35,295 DEBUG src LCB_AF value=0.545654 mu=0.586518 std=0.081728 yref=0.000000
2025-09-04 10:20:35,296 DEBUG src LCB_AF value=0.545654 mu=0.586518 std=0.081728 yref=0.000000
2025-09-04 10:20:35,297 DEBUG src LCB_AF value=0.545654 mu=0.586518 std=0.081728 yref=0.000000
2025-09-04 10:20:35,298 DEBUG src LCB_AF value=0.545654 mu=0.586518 std=0.081728 yref=0.000000
2025-09-04 10:20:35,299 DEBUG src LCB_AF value=0.545654 mu=0.586518 std=0.081728 yref=0.000000
2025-09-04 10:20:35,300 DEBUG src LCB_AF value=0.545654 mu=0.586518 std=0.081728 yref=0.000000
2025-09-04 10:20:35,300 DEBUG src LCB_AF value=0.545654 mu=0.586518 std=0.081728 yref=0.000000
2025-09-04 10:20:35,301 DEBUG src LCB_AF value=0.545654 mu=0.586518 std=0.081728 yref=0.000000
2025-09-04 10:20:35,302 DEBUG src LCB_AF value=0.545654 mu=0.586518 std=0.081728 yref=0.000000
2025-09-04 10:20:35,303 DEBUG src LCB_AF value=0.545654 mu=0.586518 std=0.081728 yref=0.000000
2025-09-04 10:20:35,304 DEBUG src LCB_AF value=0.545654 mu=0.586518 std=0.081728 yref=0.000000
2025-09-04 10:20:35,304 DEBUG src LCB_AF value=0.997067 mu=1.099576 std=0.205019 yref=0.000000
2025-09-04 10:20:35,305 DEBUG src LCB_AF value=0.997067 mu=1.099576 std=0.205019 yref=0.000000
2025-09-04 10:20:35,306 DEBUG src LCB_AF value=0.997067 mu=1.099576 std=0.205019 yref=0.000000
2025-09-04 10:20:35,307 DEBUG src LCB_AF value=0.997067 mu=1.099576 std=0.205019 yref=0.000000
2025-09-04 10:20:35,307 DEBUG src LCB_AF value=0.997067 mu=1.099576 std=0.205019 yref=0.000000
2025-09-04 10:20:35,308 DEBUG src LCB_AF value=0.997067 mu=1.099576 std=0.205019 yref=0.000000
2025-09-04 10:20:35,309 DEBUG src LCB_AF value=0.997067 mu=1.099576 std=0.205019 yref=0.000000
2025-09-04 10:20:35,310 DEBUG src LCB_AF value=0.997067 mu=1.099576 std=0.205019 yref=0.000000
2025-09-04 10:20:35,310 DEBUG src LCB_AF value=0.997067 mu=1.099576 std=0.205019 yref=0.000000
2025-09-04 10:20:35,311 DEBUG src LCB_AF value=0.997067 mu=1.099576 std=0.205019 yref=0.000000
2025-09-04 10:20:35,312 DEBUG src LCB_AF value=0.997067 mu=1.099576 std=0.205019 yref=0.000000
2025-09-04 10:20:35,313 DEBUG src LCB_AF value=0.997067 mu=1.099576 std=0.205019 yref=0.000000
2025-09-04 10:20:35,315 DEBUG src LCB_AF value=0.997067 mu=1.099576 std=0.205019 yref=0.000000
2025-09-04 10:20:35,316 DEBUG src LCB_AF value=0.997067 mu=1.099576 std=0.205019 yref=0.000000
2025-09-04 10:20:35,317 DEBUG src LCB_AF value=0.997067 mu=1.099576 std=0.205019 yref=0.000000
2025-09-04 10:20:35,318 DEBUG src LCB_AF value=0.997067 mu=1.099576 std=0.205019 yref=0.000000
2025-09-04 10:20:35,318 DEBUG src LCB_AF value=0.997067 mu=1.099576 std=0.205019 yref=0.000000
2025-09-04 10:20:35,319 DEBUG src LCB_AF value=0.997067 mu=1.099576 std=0.205019 yref=0.000000
2025-09-04 10:20:35,320 DEBUG src LCB_AF value=0.997067 mu=1.099576 std=0.205019 yref=0.000000
2025-09-04 10:20:35,321 DEBUG src LCB_AF value=0.997067 mu=1.099576 std=0.205019 yref=0.000000
2025-09-04 10:20:35,321 DEBUG src LCB_AF value=0.997067 mu=1.099576 std=0.205019 yref=0.000000
2025-09-04 10:20:35,322 DEBUG src LCB_AF value=0.997067 mu=1.099576 std=0.205019 yref=0.000000
2025-09-04 10:20:35,323 DEBUG src LCB_AF value=0.997067 mu=1.099576 std=0.205019 yref=0.000000
2025-09-04 10:20:35,323 DEBUG src LCB_AF value=0.997067 mu=1.099576 std=0.205019 yref=0.000000
2025-09-04 10:20:35,324 DEBUG src LCB_AF value=0.820491 mu=0.905198 std=0.169414 yref=0.000000
2025-09-04 10:20:35,325 DEBUG src LCB_AF value=0.820491 mu=0.905198 std=0.169414 yref=0.000000
2025-09-04 10:20:35,326 DEBUG src LCB_AF value=0.820491 mu=0.905198 std=0.169414 yref=0.000000
2025-09-04 10:20:35,327 DEBUG src LCB_AF value=0.820491 mu=0.905198 std=0.169414 yref=0.000000
2025-09-04 10:20:35,327 DEBUG src LCB_AF value=0.820491 mu=0.905198 std=0.169414 yref=0.000000
2025-09-04 10:20:35,328 DEBUG src LCB_AF value=0.820491 mu=0.905198 std=0.169414 yref=0.000000
2025-09-04 10:20:35,329 DEBUG src LCB_AF value=0.820491 mu=0.905198 std=0.169414 yref=0.000000
2025-09-04 10:20:35,329 DEBUG src LCB_AF value=0.820491 mu=0.905198 std=0.169414 yref=0.000000
2025-09-04 10:20:35,330 DEBUG src LCB_AF value=0.820491 mu=0.905198 std=0.169414 yref=0.000000
2025-09-04 10:20:35,331 DEBUG src LCB_AF value=0.820491 mu=0.905198 std=0.169414 yref=0.000000
2025-09-04 10:20:35,332 DEBUG src LCB_AF value=0.820491 mu=0.905198 std=0.169414 yref=0.000000
2025-09-04 10:20:35,332 DEBUG src LCB_AF value=0.820491 mu=0.905198 std=0.169414 yref=0.000000
2025-09-04 10:20:35,333 DEBUG src LCB_AF value=0.820491 mu=0.905198 std=0.169414 yref=0.000000
2025-09-04 10:20:35,334 DEBUG src LCB_AF value=0.820491 mu=0.905198 std=0.169414 yref=0.000000
2025-09-04 10:20:35,335 DEBUG src LCB_AF value=0.820491 mu=0.905198 std=0.169414 yref=0.000000
2025-09-04 10:20:35,335 DEBUG src LCB_AF value=0.820491 mu=0.905198 std=0.169414 yref=0.000000
2025-09-04 10:20:35,336 DEBUG src LCB_AF value=0.820491 mu=0.905198 std=0.169414 yref=0.000000
2025-09-04 10:20:35,337 DEBUG src LCB_AF value=0.820491 mu=0.905198 std=0.169414 yref=0.000000
2025-09-04 10:20:35,338 DEBUG src LCB_AF value=0.820491 mu=0.905198 std=0.169414 yref=0.000000
2025-09-04 10:20:35,338 DEBUG src LCB_AF value=0.820491 mu=0.905198 std=0.169414 yref=0.000000
2025-09-04 10:20:35,339 DEBUG src LCB_AF value=0.820491 mu=0.905198 std=0.169414 yref=0.000000
2025-09-04 10:20:35,340 DEBUG src LCB_AF value=0.820491 mu=0.905198 std=0.169414 yref=0.000000
2025-09-04 10:20:35,341 DEBUG src LCB_AF value=0.820491 mu=0.905198 std=0.169414 yref=0.000000
2025-09-04 10:20:35,341 DEBUG src LCB_AF value=0.820491 mu=0.905198 std=0.169414 yref=0.000000
2025-09-04 10:20:35,342 DEBUG src LCB_AF value=0.025618 mu=0.029761 std=0.008285 yref=0.000000
2025-09-04 10:20:35,343 DEBUG src LCB_AF value=0.025618 mu=0.029761 std=0.008285 yref=0.000000
2025-09-04 10:20:35,344 DEBUG src LCB_AF value=0.025618 mu=0.029761 std=0.008285 yref=0.000000
2025-09-04 10:20:35,344 DEBUG src LCB_AF value=0.025618 mu=0.029761 std=0.008285 yref=0.000000
2025-09-04 10:20:35,345 DEBUG src LCB_AF value=0.025618 mu=0.029761 std=0.008285 yref=0.000000
2025-09-04 10:20:35,346 DEBUG src LCB_AF value=0.025618 mu=0.029761 std=0.008285 yref=0.000000
2025-09-04 10:20:35,347 DEBUG src LCB_AF value=0.025618 mu=0.029761 std=0.008285 yref=0.000000
2025-09-04 10:20:35,347 DEBUG src LCB_AF value=0.025618 mu=0.029761 std=0.008285 yref=0.000000
2025-09-04 10:20:35,348 DEBUG src LCB_AF value=0.025618 mu=0.029761 std=0.008285 yref=0.000000
2025-09-04 10:20:35,349 DEBUG src LCB_AF value=0.025618 mu=0.029761 std=0.008285 yref=0.000000
2025-09-04 10:20:35,354 DEBUG src LCB_AF value=0.025618 mu=0.029761 std=0.008285 yref=0.000000
2025-09-04 10:20:35,355 DEBUG src LCB_AF value=0.025618 mu=0.029761 std=0.008285 yref=0.000000
2025-09-04 10:20:35,355 DEBUG src LCB_AF value=0.025618 mu=0.029761 std=0.008285 yref=0.000000
2025-09-04 10:20:35,356 DEBUG src LCB_AF value=0.025618 mu=0.029761 std=0.008285 yref=0.000000
2025-09-04 10:20:35,357 DEBUG src LCB_AF value=0.025618 mu=0.029761 std=0.008285 yref=0.000000
2025-09-04 10:20:35,358 DEBUG src LCB_AF value=0.025618 mu=0.029761 std=0.008285 yref=0.000000
2025-09-04 10:20:35,358 DEBUG src LCB_AF value=0.025618 mu=0.029761 std=0.008285 yref=0.000000
2025-09-04 10:20:35,359 DEBUG src LCB_AF value=0.025618 mu=0.029761 std=0.008285 yref=0.000000
2025-09-04 10:20:35,360 DEBUG src LCB_AF value=0.025618 mu=0.029761 std=0.008285 yref=0.000000
2025-09-04 10:20:35,361 DEBUG src LCB_AF value=0.025618 mu=0.029761 std=0.008285 yref=0.000000
2025-09-04 10:20:35,362 DEBUG src LCB_AF value=0.025618 mu=0.029761 std=0.008285 yref=0.000000
2025-09-04 10:20:35,363 DEBUG src LCB_AF value=0.025618 mu=0.029761 std=0.008285 yref=0.000000
2025-09-04 10:20:35,364 DEBUG src LCB_AF value=0.025618 mu=0.029761 std=0.008285 yref=0.000000
2025-09-04 10:20:35,365 DEBUG src LCB_AF value=0.025618 mu=0.029761 std=0.008285 yref=0.000000
2025-09-04 10:20:35,366 INFO src distmod_4 start n=1 targets=4
2025-09-04 10:20:48,925 INFO src [Eval] thr=0.747, hidden=25, k=5, MRE=0.689903
2025-09-04 10:20:48,926 INFO src [Eval] thr=0.747, hidden=25, k=5, MRE=0.935281
2025-09-04 10:20:48,927 INFO src [Eval] thr=0.747, hidden=25, k=5, MRE=0.687214
2025-09-04 10:20:48,928 INFO src [Eval] thr=0.747, hidden=25, k=5, MRE=0.029466
2025-09-04 10:20:48,929 INFO src 
2025-09-04 10:20:48,930 INFO src distmod_4 done in 13.564s
2025-09-04 10:20:48,930 INFO src distmod_4 start n=1 targets=4
2025-09-04 10:21:04,820 INFO src [Eval] thr=0.464, hidden=158, k=5, MRE=0.533604
2025-09-04 10:21:04,822 INFO src [Eval] thr=0.464, hidden=158, k=5, MRE=1.211031
2025-09-04 10:21:04,823 INFO src [Eval] thr=0.464, hidden=158, k=5, MRE=1.212577
2025-09-04 10:21:04,823 INFO src [Eval] thr=0.464, hidden=158, k=5, MRE=0.007875
2025-09-04 10:21:04,824 INFO src 
2025-09-04 10:21:04,824 INFO src distmod_4 done in 15.894s
2025-09-04 10:21:04,826 INFO src distmod_4 start n=1 targets=4
2025-09-04 10:21:20,943 INFO src [Eval] thr=0.934, hidden=186, k=5, MRE=0.498153
2025-09-04 10:21:20,945 INFO src [Eval] thr=0.934, hidden=186, k=5, MRE=1.058180
2025-09-04 10:21:20,945 INFO src [Eval] thr=0.934, hidden=186, k=5, MRE=0.625681
2025-09-04 10:21:20,946 INFO src [Eval] thr=0.934, hidden=186, k=5, MRE=0.024014
2025-09-04 10:21:20,947 INFO src 
2025-09-04 10:21:20,947 INFO src distmod_4 done in 16.122s
2025-09-04 10:21:20,948 INFO src distmod_4 start n=1 targets=4
2025-09-04 10:21:34,287 INFO src [Eval] thr=0.821, hidden=18, k=5, MRE=0.481431
2025-09-04 10:21:34,289 INFO src [Eval] thr=0.821, hidden=18, k=5, MRE=1.239985
2025-09-04 10:21:34,290 INFO src [Eval] thr=0.821, hidden=18, k=5, MRE=0.587850
2025-09-04 10:21:34,290 INFO src [Eval] thr=0.821, hidden=18, k=5, MRE=0.008571
2025-09-04 10:21:34,291 INFO src 
2025-09-04 10:21:34,292 INFO src distmod_4 done in 13.343s
2025-09-04 10:21:34,293 INFO src distmod_4 start n=1 targets=4
2025-09-04 10:21:48,830 INFO src [Eval] thr=0.741, hidden=97, k=5, MRE=0.453476
2025-09-04 10:21:48,832 INFO src [Eval] thr=0.741, hidden=97, k=5, MRE=1.384652
2025-09-04 10:21:48,832 INFO src [Eval] thr=0.741, hidden=97, k=5, MRE=0.670418
2025-09-04 10:21:48,833 INFO src [Eval] thr=0.741, hidden=97, k=5, MRE=0.012837
2025-09-04 10:21:48,834 INFO src 
2025-09-04 10:21:48,835 INFO src distmod_4 done in 14.542s
2025-09-04 10:21:48,836 DEBUG src ref_model_zero called batch=1 splits=4
2025-09-04 10:21:48,836 DEBUG src ref_model_zero called batch=1 splits=4
2025-09-04 10:21:48,837 DEBUG src ref_model_zero called batch=1 splits=4
2025-09-04 10:21:48,838 DEBUG src ref_model_zero called batch=1 splits=4
2025-09-04 10:21:48,839 DEBUG src ref_model_zero called batch=1 splits=4
2025-09-04 10:21:49,012 INFO src iter=1 evals_total=10 best_current=[0.453476,0.821062,0.58785 ,0.007875] dt_iter=73.728s dt_total=191.383s
2025-09-04 10:21:49,013 INFO src optimizer_vpbo done total_evals=10 total_time=191.384s
