2025-09-04 14:09:15 INFO src optimizer_vpbo start trials=20 splits=4 dim=2
2025-09-04 14:09:15 DEBUG src random seed for splits created shape=(4, 2)
2025-09-04 14:09:29 INFO src distmod_4 start n=1 targets=4
2025-09-04 14:09:29 INFO src distmod_4 start n=1 targets=4
2025-09-04 14:09:29 INFO src distmod_4 start n=1 targets=4
2025-09-04 14:09:29 INFO src distmod_4 start n=1 targets=4
2025-09-04 14:11:04 INFO src [Eval] thr=0.719, hidden=65, k=5, MRE=0.499337
2025-09-04 14:11:04 INFO src [Eval] thr=0.719, hidden=65, k=5, MRE=1.059270
2025-09-04 14:11:04 INFO src [Eval] thr=0.719, hidden=65, k=5, MRE=0.507453
2025-09-04 14:11:04 INFO src [Eval] thr=0.719, hidden=65, k=5, MRE=0.009077
2025-09-04 14:11:04 INFO src 
2025-09-04 14:11:04 INFO src distmod_4 done in 95.132s
2025-09-04 14:11:05 INFO src distmod_4 start n=1 targets=4
2025-09-04 14:11:13 INFO src [Eval] thr=0.740, hidden=115, k=5, MRE=0.587271
2025-09-04 14:11:13 INFO src [Eval] thr=0.740, hidden=115, k=5, MRE=1.545505
2025-09-04 14:11:13 INFO src [Eval] thr=0.740, hidden=115, k=5, MRE=0.553665
2025-09-04 14:11:13 INFO src [Eval] thr=0.740, hidden=115, k=5, MRE=0.026834
2025-09-04 14:11:13 INFO src 
2025-09-04 14:11:13 INFO src distmod_4 done in 103.759s
2025-09-04 14:11:16 INFO src [Eval] thr=0.578, hidden=132, k=5, MRE=0.652031
2025-09-04 14:11:16 INFO src [Eval] thr=0.578, hidden=132, k=5, MRE=1.763528
2025-09-04 14:11:16 INFO src [Eval] thr=0.578, hidden=132, k=5, MRE=0.664403
2025-09-04 14:11:16 INFO src [Eval] thr=0.578, hidden=132, k=5, MRE=0.023791
2025-09-04 14:11:16 INFO src 
2025-09-04 14:11:16 INFO src distmod_4 done in 107.001s
2025-09-04 14:11:16 INFO src [Eval] thr=0.589, hidden=119, k=5, MRE=0.692923
2025-09-04 14:11:16 INFO src [Eval] thr=0.589, hidden=119, k=5, MRE=1.349782
2025-09-04 14:11:16 INFO src [Eval] thr=0.589, hidden=119, k=5, MRE=0.578697
2025-09-04 14:11:16 INFO src [Eval] thr=0.589, hidden=119, k=5, MRE=0.024087
2025-09-04 14:11:16 INFO src 
2025-09-04 14:11:16 INFO src distmod_4 done in 107.010s
2025-09-04 14:12:29 INFO src [Eval] thr=0.500, hidden=105, k=5, MRE=0.496314
2025-09-04 14:12:29 INFO src [Eval] thr=0.500, hidden=105, k=5, MRE=0.821062
2025-09-04 14:12:29 INFO src [Eval] thr=0.500, hidden=105, k=5, MRE=1.136222
2025-09-04 14:12:29 INFO src [Eval] thr=0.500, hidden=105, k=5, MRE=0.020341
2025-09-04 14:12:29 INFO src 
2025-09-04 14:12:29 INFO src distmod_4 done in 84.747s
2025-09-04 14:12:29 INFO src initial eval done n=5
2025-09-04 14:12:29 DEBUG src ref_model_zero called batch=1 splits=4
2025-09-04 14:12:29 DEBUG src ref_model_zero called batch=1 splits=4
2025-09-04 14:12:29 DEBUG src ref_model_zero called batch=1 splits=4
2025-09-04 14:12:29 DEBUG src ref_model_zero called batch=1 splits=4
2025-09-04 14:12:29 DEBUG src ref_model_zero called batch=1 splits=4
2025-09-04 14:12:30 INFO src GP models initialized count=4
2025-09-04 14:12:30 DEBUG src restarts per split=8
2025-09-04 14:12:30 INFO src distmod_4 start n=1 targets=4
2025-09-04 14:12:30 INFO src distmod_4 start n=1 targets=4
2025-09-04 14:12:30 INFO src distmod_4 start n=1 targets=4
2025-09-04 14:12:30 INFO src distmod_4 start n=1 targets=4
2025-09-04 14:14:02 INFO src [Eval] thr=0.147, hidden=14, k=27, MRE=0.223889
2025-09-04 14:14:02 INFO src [Eval] thr=0.147, hidden=14, k=31, MRE=0.104388
2025-09-04 14:14:02 INFO src [Eval] thr=0.147, hidden=14, k=27, MRE=0.345744
2025-09-04 14:14:02 INFO src [Eval] thr=0.147, hidden=14, k=8, MRE=0.017328
2025-09-04 14:14:02 INFO src 
2025-09-04 14:14:02 INFO src distmod_4 done in 91.916s
2025-09-04 14:14:02 INFO src distmod_4 start n=1 targets=4
2025-09-04 14:14:22 INFO src [Eval] thr=0.982, hidden=170, k=5, MRE=0.475056
2025-09-04 14:14:22 INFO src [Eval] thr=0.982, hidden=170, k=5, MRE=1.086974
2025-09-04 14:14:22 INFO src [Eval] thr=0.982, hidden=170, k=5, MRE=0.538399
2025-09-04 14:14:22 INFO src [Eval] thr=0.982, hidden=170, k=5, MRE=0.029349
2025-09-04 14:14:22 INFO src 
2025-09-04 14:14:22 INFO src distmod_4 done in 111.916s
2025-09-04 14:14:24 INFO src [Eval] thr=0.612, hidden=140, k=5, MRE=0.501838
2025-09-04 14:14:24 INFO src [Eval] thr=0.612, hidden=140, k=5, MRE=0.835670
2025-09-04 14:14:24 INFO src [Eval] thr=0.612, hidden=140, k=5, MRE=0.516558
2025-09-04 14:14:24 INFO src [Eval] thr=0.612, hidden=140, k=5, MRE=0.014771
2025-09-04 14:14:24 INFO src 
2025-09-04 14:14:24 INFO src distmod_4 done in 113.760s
2025-09-04 14:14:30 INFO src [Eval] thr=0.546, hidden=196, k=5, MRE=0.550427
2025-09-04 14:14:30 INFO src [Eval] thr=0.546, hidden=196, k=5, MRE=1.446357
2025-09-04 14:14:30 INFO src [Eval] thr=0.546, hidden=196, k=5, MRE=0.868404
2025-09-04 14:14:30 INFO src [Eval] thr=0.546, hidden=196, k=5, MRE=0.043322
2025-09-04 14:14:30 INFO src 
2025-09-04 14:14:30 INFO src distmod_4 done in 119.189s
2025-09-04 14:15:36 INFO src [Eval] thr=0.572, hidden=130, k=5, MRE=0.799125
2025-09-04 14:15:36 INFO src [Eval] thr=0.572, hidden=130, k=5, MRE=1.206259
2025-09-04 14:15:36 INFO src [Eval] thr=0.572, hidden=130, k=5, MRE=0.503579
2025-09-04 14:15:36 INFO src [Eval] thr=0.572, hidden=130, k=5, MRE=0.014299
2025-09-04 14:15:36 INFO src 
2025-09-04 14:15:36 INFO src distmod_4 done in 93.359s
2025-09-04 14:15:36 DEBUG src ref_model_zero called batch=1 splits=4
2025-09-04 14:15:36 DEBUG src ref_model_zero called batch=1 splits=4
2025-09-04 14:15:36 DEBUG src ref_model_zero called batch=1 splits=4
2025-09-04 14:15:36 DEBUG src ref_model_zero called batch=1 splits=4
2025-09-04 14:15:36 DEBUG src ref_model_zero called batch=1 splits=4
2025-09-04 14:15:36 INFO src iter=1 evals_total=10 best_current=[0.223889,0.104388,0.345744,0.009077] dt_iter=186.336s dt_total=380.485s
2025-09-04 14:15:37 INFO src distmod_4 start n=1 targets=4
2025-09-04 14:15:37 INFO src distmod_4 start n=1 targets=4
2025-09-04 14:15:37 INFO src distmod_4 start n=1 targets=4
2025-09-04 14:15:37 INFO src distmod_4 start n=1 targets=4
2025-09-04 14:17:05 INFO src [Eval] thr=0.775, hidden=58, k=5, MRE=0.484870
2025-09-04 14:17:05 INFO src [Eval] thr=0.775, hidden=58, k=5, MRE=0.945602
2025-09-04 14:17:05 INFO src [Eval] thr=0.775, hidden=58, k=5, MRE=0.521462
2025-09-04 14:17:05 INFO src [Eval] thr=0.775, hidden=58, k=5, MRE=0.019102
2025-09-04 14:17:05 INFO src 
2025-09-04 14:17:05 INFO src distmod_4 done in 87.893s
2025-09-04 14:17:05 INFO src distmod_4 start n=1 targets=4
2025-09-04 14:17:17 INFO src [Eval] thr=0.618, hidden=80, k=5, MRE=0.799108
2025-09-04 14:17:17 INFO src [Eval] thr=0.618, hidden=80, k=5, MRE=1.396751
2025-09-04 14:17:17 INFO src [Eval] thr=0.618, hidden=80, k=5, MRE=0.711352
2025-09-04 14:17:17 INFO src [Eval] thr=0.618, hidden=80, k=5, MRE=0.035168
2025-09-04 14:17:17 INFO src 
2025-09-04 14:17:17 INFO src distmod_4 done in 100.303s
2025-09-04 14:17:21 INFO src [Eval] thr=0.906, hidden=130, k=5, MRE=0.799125
2025-09-04 14:17:21 INFO src [Eval] thr=0.906, hidden=130, k=5, MRE=1.206259
2025-09-04 14:17:21 INFO src [Eval] thr=0.906, hidden=130, k=5, MRE=0.503579
2025-09-04 14:17:21 INFO src [Eval] thr=0.906, hidden=130, k=5, MRE=0.014299
2025-09-04 14:17:21 INFO src 
2025-09-04 14:17:21 INFO src distmod_4 done in 104.327s
2025-09-04 14:17:30 INFO src [Eval] thr=0.091, hidden=131, k=31, MRE=0.233030
2025-09-04 14:17:30 INFO src [Eval] thr=0.091, hidden=131, k=35, MRE=0.075876
2025-09-04 14:17:30 INFO src [Eval] thr=0.091, hidden=131, k=30, MRE=0.278285
2025-09-04 14:17:30 INFO src [Eval] thr=0.091, hidden=131, k=26, MRE=0.008646
2025-09-04 14:17:30 INFO src 
2025-09-04 14:17:30 INFO src distmod_4 done in 113.335s
2025-09-04 14:18:32 INFO src [Eval] thr=0.597, hidden=100, k=5, MRE=0.642450
2025-09-04 14:18:32 INFO src [Eval] thr=0.597, hidden=100, k=5, MRE=1.479535
2025-09-04 14:18:32 INFO src [Eval] thr=0.597, hidden=100, k=5, MRE=0.613270
2025-09-04 14:18:32 INFO src [Eval] thr=0.597, hidden=100, k=5, MRE=0.012956
2025-09-04 14:18:32 INFO src 
2025-09-04 14:18:32 INFO src distmod_4 done in 87.154s
2025-09-04 14:18:32 DEBUG src ref_model_zero called batch=1 splits=4
2025-09-04 14:18:32 DEBUG src ref_model_zero called batch=1 splits=4
2025-09-04 14:18:32 DEBUG src ref_model_zero called batch=1 splits=4
2025-09-04 14:18:32 DEBUG src ref_model_zero called batch=1 splits=4
2025-09-04 14:18:32 DEBUG src ref_model_zero called batch=1 splits=4
2025-09-04 14:18:32 INFO src iter=2 evals_total=15 best_current=[0.223889,0.075876,0.278285,0.008646] dt_iter=176.184s dt_total=556.670s
2025-09-04 14:18:33 INFO src distmod_4 start n=1 targets=4
2025-09-04 14:18:33 INFO src distmod_4 start n=1 targets=4
2025-09-04 14:18:33 INFO src distmod_4 start n=1 targets=4
2025-09-04 14:18:33 INFO src distmod_4 start n=1 targets=4
2025-09-04 14:19:57 INFO src [Eval] thr=0.987, hidden=28, k=5, MRE=0.456134
2025-09-04 14:19:57 INFO src [Eval] thr=0.987, hidden=28, k=5, MRE=1.067520
2025-09-04 14:19:57 INFO src [Eval] thr=0.987, hidden=28, k=5, MRE=0.636265
2025-09-04 14:19:57 INFO src [Eval] thr=0.987, hidden=28, k=5, MRE=0.022561
2025-09-04 14:19:57 INFO src 
2025-09-04 14:19:57 INFO src distmod_4 done in 84.179s
2025-09-04 14:19:57 INFO src distmod_4 start n=1 targets=4
2025-09-04 14:20:12 INFO src [Eval] thr=0.562, hidden=88, k=5, MRE=0.502506
2025-09-04 14:20:12 INFO src [Eval] thr=0.562, hidden=88, k=5, MRE=1.207398
2025-09-04 14:20:12 INFO src [Eval] thr=0.562, hidden=88, k=5, MRE=0.609840
2025-09-04 14:20:12 INFO src [Eval] thr=0.562, hidden=88, k=5, MRE=0.013333
2025-09-04 14:20:12 INFO src 
2025-09-04 14:20:12 INFO src distmod_4 done in 99.479s
2025-09-04 14:20:13 INFO src [Eval] thr=0.862, hidden=110, k=5, MRE=0.587494
2025-09-04 14:20:13 INFO src [Eval] thr=0.862, hidden=110, k=5, MRE=1.390447
2025-09-04 14:20:13 INFO src [Eval] thr=0.862, hidden=110, k=5, MRE=0.533744
2025-09-04 14:20:13 INFO src [Eval] thr=0.862, hidden=110, k=5, MRE=0.013755
2025-09-04 14:20:13 INFO src 
2025-09-04 14:20:13 INFO src distmod_4 done in 99.789s
2025-09-04 14:20:18 INFO src [Eval] thr=0.715, hidden=135, k=5, MRE=0.640401
2025-09-04 14:20:18 INFO src [Eval] thr=0.715, hidden=135, k=5, MRE=0.785782
2025-09-04 14:20:18 INFO src [Eval] thr=0.715, hidden=135, k=5, MRE=0.608777
2025-09-04 14:20:18 INFO src [Eval] thr=0.715, hidden=135, k=5, MRE=0.022672
2025-09-04 14:20:18 INFO src 
2025-09-04 14:20:18 INFO src distmod_4 done in 105.508s
2025-09-04 14:21:23 INFO src [Eval] thr=0.782, hidden=90, k=5, MRE=0.448221
2025-09-04 14:21:23 INFO src [Eval] thr=0.782, hidden=90, k=5, MRE=1.159598
2025-09-04 14:21:23 INFO src [Eval] thr=0.782, hidden=90, k=5, MRE=0.633907
2025-09-04 14:21:23 INFO src [Eval] thr=0.782, hidden=90, k=5, MRE=0.012529
2025-09-04 14:21:23 INFO src 
2025-09-04 14:21:23 INFO src distmod_4 done in 86.178s
2025-09-04 14:21:23 DEBUG src ref_model_zero called batch=1 splits=4
2025-09-04 14:21:23 DEBUG src ref_model_zero called batch=1 splits=4
2025-09-04 14:21:23 DEBUG src ref_model_zero called batch=1 splits=4
2025-09-04 14:21:23 DEBUG src ref_model_zero called batch=1 splits=4
2025-09-04 14:21:23 DEBUG src ref_model_zero called batch=1 splits=4
2025-09-04 14:21:24 INFO src iter=3 evals_total=20 best_current=[0.223889,0.075876,0.278285,0.008646] dt_iter=171.501s dt_total=728.172s
2025-09-04 14:21:24 INFO src distmod_4 start n=1 targets=4
2025-09-04 14:21:24 INFO src distmod_4 start n=1 targets=4
2025-09-04 14:21:24 INFO src distmod_4 start n=1 targets=4
2025-09-04 14:21:24 INFO src distmod_4 start n=1 targets=4
2025-09-04 14:22:46 INFO src [Eval] thr=0.849, hidden=15, k=5, MRE=0.569602
2025-09-04 14:22:46 INFO src [Eval] thr=0.849, hidden=15, k=5, MRE=0.935504
2025-09-04 14:22:46 INFO src [Eval] thr=0.849, hidden=15, k=5, MRE=0.639193
2025-09-04 14:22:46 INFO src [Eval] thr=0.849, hidden=15, k=5, MRE=0.018056
2025-09-04 14:22:46 INFO src 
2025-09-04 14:22:46 INFO src distmod_4 done in 81.569s
2025-09-04 14:22:46 INFO src distmod_4 start n=1 targets=4
2025-09-04 14:23:06 INFO src [Eval] thr=0.445, hidden=124, k=5, MRE=0.632430
2025-09-04 14:23:06 INFO src [Eval] thr=0.445, hidden=124, k=5, MRE=1.189439
2025-09-04 14:23:06 INFO src [Eval] thr=0.445, hidden=124, k=5, MRE=0.540274
2025-09-04 14:23:06 INFO src [Eval] thr=0.445, hidden=124, k=5, MRE=0.018149
2025-09-04 14:23:06 INFO src 
2025-09-04 14:23:06 INFO src distmod_4 done in 101.948s
2025-09-04 14:23:07 INFO src [Eval] thr=0.194, hidden=73, k=17, MRE=0.270222
2025-09-04 14:23:07 INFO src [Eval] thr=0.194, hidden=73, k=28, MRE=0.182805
2025-09-04 14:23:07 INFO src [Eval] thr=0.194, hidden=73, k=16, MRE=0.561512
2025-09-04 14:23:07 INFO src [Eval] thr=0.194, hidden=73, k=5, MRE=0.027830
2025-09-04 14:23:07 INFO src 
2025-09-04 14:23:07 INFO src distmod_4 done in 102.783s
2025-09-04 14:23:20 INFO src [Eval] thr=0.084, hidden=172, k=34, MRE=0.175112
2025-09-04 14:23:20 INFO src [Eval] thr=0.084, hidden=172, k=36, MRE=0.081941
2025-09-04 14:23:20 INFO src [Eval] thr=0.084, hidden=172, k=30, MRE=0.252139
2025-09-04 14:23:20 INFO src [Eval] thr=0.084, hidden=172, k=29, MRE=0.004506
2025-09-04 14:23:20 INFO src 
2025-09-04 14:23:20 INFO src distmod_4 done in 115.393s
2025-09-04 14:24:15 INFO src [Eval] thr=0.393, hidden=96, k=6, MRE=0.625366
2025-09-04 14:24:15 INFO src [Eval] thr=0.393, hidden=96, k=6, MRE=1.204748
2025-09-04 14:24:15 INFO src [Eval] thr=0.393, hidden=96, k=6, MRE=0.552351
2025-09-04 14:24:15 INFO src [Eval] thr=0.393, hidden=96, k=5, MRE=0.039538
2025-09-04 14:24:15 INFO src 
2025-09-04 14:24:15 INFO src distmod_4 done in 89.051s
2025-09-04 14:24:15 DEBUG src ref_model_zero called batch=1 splits=4
2025-09-04 14:24:15 DEBUG src ref_model_zero called batch=1 splits=4
2025-09-04 14:24:15 DEBUG src ref_model_zero called batch=1 splits=4
2025-09-04 14:24:15 DEBUG src ref_model_zero called batch=1 splits=4
2025-09-04 14:24:15 DEBUG src ref_model_zero called batch=1 splits=4
2025-09-04 14:24:16 INFO src iter=4 evals_total=25 best_current=[0.175112,0.075876,0.252139,0.004506] dt_iter=171.958s dt_total=900.132s
2025-09-04 14:24:16 INFO src distmod_4 start n=1 targets=4
2025-09-04 14:24:16 INFO src distmod_4 start n=1 targets=4
2025-09-04 14:24:16 INFO src distmod_4 start n=1 targets=4
2025-09-04 14:24:16 INFO src distmod_4 start n=1 targets=4
2025-09-04 14:25:49 INFO src [Eval] thr=0.614, hidden=64, k=5, MRE=0.492721
2025-09-04 14:25:49 INFO src [Eval] thr=0.614, hidden=64, k=5, MRE=1.250795
2025-09-04 14:25:49 INFO src [Eval] thr=0.614, hidden=64, k=5, MRE=1.068451
2025-09-04 14:25:49 INFO src [Eval] thr=0.614, hidden=64, k=5, MRE=0.020245
2025-09-04 14:25:49 INFO src 
2025-09-04 14:25:49 INFO src distmod_4 done in 92.687s
2025-09-04 14:25:49 INFO src distmod_4 start n=1 targets=4
2025-09-04 14:25:50 INFO src [Eval] thr=0.237, hidden=68, k=12, MRE=0.790778
2025-09-04 14:25:50 INFO src [Eval] thr=0.237, hidden=68, k=17, MRE=0.274449
2025-09-04 14:25:50 INFO src [Eval] thr=0.237, hidden=68, k=11, MRE=0.374304
2025-09-04 14:25:50 INFO src [Eval] thr=0.237, hidden=68, k=5, MRE=0.017434
2025-09-04 14:25:50 INFO src 
2025-09-04 14:25:50 INFO src distmod_4 done in 93.476s
2025-09-04 14:25:59 INFO src [Eval] thr=0.483, hidden=146, k=5, MRE=0.708858
2025-09-04 14:25:59 INFO src [Eval] thr=0.483, hidden=146, k=5, MRE=1.286949
2025-09-04 14:25:59 INFO src [Eval] thr=0.483, hidden=146, k=5, MRE=0.660923
2025-09-04 14:25:59 INFO src [Eval] thr=0.483, hidden=146, k=5, MRE=0.013204
2025-09-04 14:25:59 INFO src 
2025-09-04 14:25:59 INFO src distmod_4 done in 102.780s
2025-09-04 14:26:05 INFO src [Eval] thr=0.855, hidden=197, k=5, MRE=0.627232
2025-09-04 14:26:05 INFO src [Eval] thr=0.855, hidden=197, k=5, MRE=0.946754
2025-09-04 14:26:05 INFO src [Eval] thr=0.855, hidden=197, k=5, MRE=0.592388
2025-09-04 14:26:05 INFO src [Eval] thr=0.855, hidden=197, k=5, MRE=0.022179
2025-09-04 14:26:05 INFO src 
2025-09-04 14:26:05 INFO src distmod_4 done in 108.325s
2025-09-04 14:27:12 INFO src [Eval] thr=0.547, hidden=119, k=5, MRE=0.692923
2025-09-04 14:27:12 INFO src [Eval] thr=0.547, hidden=119, k=5, MRE=1.349782
2025-09-04 14:27:12 INFO src [Eval] thr=0.547, hidden=119, k=5, MRE=0.578697
2025-09-04 14:27:12 INFO src [Eval] thr=0.547, hidden=119, k=5, MRE=0.024087
2025-09-04 14:27:12 INFO src 
2025-09-04 14:27:12 INFO src distmod_4 done in 83.219s
2025-09-04 14:27:12 DEBUG src ref_model_zero called batch=1 splits=4
2025-09-04 14:27:12 DEBUG src ref_model_zero called batch=1 splits=4
2025-09-04 14:27:12 DEBUG src ref_model_zero called batch=1 splits=4
2025-09-04 14:27:12 DEBUG src ref_model_zero called batch=1 splits=4
2025-09-04 14:27:12 DEBUG src ref_model_zero called batch=1 splits=4
2025-09-04 14:27:13 INFO src iter=5 evals_total=30 best_current=[0.175112,0.075876,0.252139,0.004506] dt_iter=177.207s dt_total=1077.342s
2025-09-04 14:27:14 INFO src distmod_4 start n=1 targets=4
2025-09-04 14:27:14 INFO src distmod_4 start n=1 targets=4
2025-09-04 14:27:14 INFO src distmod_4 start n=1 targets=4
2025-09-04 14:27:14 INFO src distmod_4 start n=1 targets=4
2025-09-04 14:28:36 INFO src [Eval] thr=0.862, hidden=29, k=5, MRE=0.512596
2025-09-04 14:28:36 INFO src [Eval] thr=0.862, hidden=29, k=5, MRE=0.943621
2025-09-04 14:28:36 INFO src [Eval] thr=0.862, hidden=29, k=5, MRE=0.810881
2025-09-04 14:28:36 INFO src [Eval] thr=0.862, hidden=29, k=5, MRE=0.023483
2025-09-04 14:28:36 INFO src 
2025-09-04 14:28:36 INFO src distmod_4 done in 82.407s
2025-09-04 14:28:36 INFO src distmod_4 start n=1 targets=4
2025-09-04 14:28:36 INFO src [Eval] thr=0.457, hidden=23, k=5, MRE=0.642880
2025-09-04 14:28:36 INFO src [Eval] thr=0.457, hidden=23, k=5, MRE=1.231521
2025-09-04 14:28:36 INFO src [Eval] thr=0.457, hidden=23, k=5, MRE=0.650268
2025-09-04 14:28:36 INFO src [Eval] thr=0.457, hidden=23, k=5, MRE=0.008356
2025-09-04 14:28:36 INFO src 
2025-09-04 14:28:36 INFO src distmod_4 done in 82.718s
2025-09-04 14:28:53 INFO src [Eval] thr=0.437, hidden=92, k=5, MRE=0.567792
2025-09-04 14:28:53 INFO src [Eval] thr=0.437, hidden=92, k=5, MRE=0.991429
2025-09-04 14:28:53 INFO src [Eval] thr=0.437, hidden=92, k=5, MRE=0.541835
2025-09-04 14:28:53 INFO src [Eval] thr=0.437, hidden=92, k=5, MRE=0.022647
2025-09-04 14:28:53 INFO src 
2025-09-04 14:28:53 INFO src distmod_4 done in 99.319s
2025-09-04 14:28:57 INFO src [Eval] thr=0.220, hidden=146, k=12, MRE=0.314770
2025-09-04 14:28:57 INFO src [Eval] thr=0.220, hidden=146, k=24, MRE=0.174175
2025-09-04 14:28:57 INFO src [Eval] thr=0.220, hidden=146, k=12, MRE=0.282222
2025-09-04 14:28:57 INFO src [Eval] thr=0.220, hidden=146, k=5, MRE=0.013204
2025-09-04 14:28:57 INFO src 
2025-09-04 14:28:57 INFO src distmod_4 done in 103.003s
2025-09-04 14:29:58 INFO src [Eval] thr=0.494, hidden=73, k=5, MRE=0.501521
2025-09-04 14:29:58 INFO src [Eval] thr=0.494, hidden=73, k=5, MRE=0.864673
2025-09-04 14:29:58 INFO src [Eval] thr=0.494, hidden=73, k=5, MRE=0.648123
2025-09-04 14:29:58 INFO src [Eval] thr=0.494, hidden=73, k=5, MRE=0.027830
2025-09-04 14:29:58 INFO src 
2025-09-04 14:29:58 INFO src distmod_4 done in 81.898s
2025-09-04 14:29:58 DEBUG src ref_model_zero called batch=1 splits=4
2025-09-04 14:29:58 DEBUG src ref_model_zero called batch=1 splits=4
2025-09-04 14:29:58 DEBUG src ref_model_zero called batch=1 splits=4
2025-09-04 14:29:58 DEBUG src ref_model_zero called batch=1 splits=4
2025-09-04 14:29:58 DEBUG src ref_model_zero called batch=1 splits=4
2025-09-04 14:29:59 INFO src iter=6 evals_total=35 best_current=[0.175112,0.075876,0.252139,0.004506] dt_iter=166.110s dt_total=1243.453s
2025-09-04 14:30:00 INFO src distmod_4 start n=1 targets=4
2025-09-04 14:30:00 INFO src distmod_4 start n=1 targets=4
2025-09-04 14:30:00 INFO src distmod_4 start n=1 targets=4
2025-09-04 14:30:00 INFO src distmod_4 start n=1 targets=4
2025-09-04 14:31:25 INFO src [Eval] thr=0.961, hidden=39, k=5, MRE=0.414582
2025-09-04 14:31:25 INFO src [Eval] thr=0.961, hidden=39, k=5, MRE=1.131426
2025-09-04 14:31:25 INFO src [Eval] thr=0.961, hidden=39, k=5, MRE=0.607038
2025-09-04 14:31:25 INFO src [Eval] thr=0.961, hidden=39, k=5, MRE=0.017455
2025-09-04 14:31:25 INFO src 
2025-09-04 14:31:25 INFO src distmod_4 done in 85.210s
2025-09-04 14:31:25 INFO src distmod_4 start n=1 targets=4
2025-09-04 14:31:44 INFO src [Eval] thr=0.854, hidden=93, k=5, MRE=0.723694
2025-09-04 14:31:44 INFO src [Eval] thr=0.854, hidden=93, k=5, MRE=1.128644
2025-09-04 14:31:44 INFO src [Eval] thr=0.854, hidden=93, k=5, MRE=0.859881
2025-09-04 14:31:44 INFO src [Eval] thr=0.854, hidden=93, k=5, MRE=0.040405
2025-09-04 14:31:44 INFO src 
2025-09-04 14:31:44 INFO src distmod_4 done in 104.290s
2025-09-04 14:31:45 INFO src [Eval] thr=0.923, hidden=103, k=5, MRE=0.555614
2025-09-04 14:31:45 INFO src [Eval] thr=0.923, hidden=103, k=5, MRE=0.848121
2025-09-04 14:31:45 INFO src [Eval] thr=0.923, hidden=103, k=5, MRE=0.567277
2025-09-04 14:31:45 INFO src [Eval] thr=0.923, hidden=103, k=5, MRE=0.031706
2025-09-04 14:31:45 INFO src 
2025-09-04 14:31:45 INFO src distmod_4 done in 105.517s
2025-09-04 14:31:52 INFO src [Eval] thr=0.560, hidden=190, k=5, MRE=0.453838
2025-09-04 14:31:52 INFO src [Eval] thr=0.560, hidden=190, k=5, MRE=0.799480
2025-09-04 14:31:52 INFO src [Eval] thr=0.560, hidden=190, k=5, MRE=0.543882
2025-09-04 14:31:52 INFO src [Eval] thr=0.560, hidden=190, k=5, MRE=0.039586
2025-09-04 14:31:52 INFO src 
2025-09-04 14:31:52 INFO src distmod_4 done in 111.761s
2025-09-04 14:32:50 INFO src [Eval] thr=0.825, hidden=106, k=5, MRE=0.459311
2025-09-04 14:32:50 INFO src [Eval] thr=0.825, hidden=106, k=5, MRE=1.457986
2025-09-04 14:32:50 INFO src [Eval] thr=0.825, hidden=106, k=5, MRE=0.671046
2025-09-04 14:32:50 INFO src [Eval] thr=0.825, hidden=106, k=5, MRE=0.028843
2025-09-04 14:32:50 INFO src 
2025-09-04 14:32:50 INFO src distmod_4 done in 85.108s
2025-09-04 14:32:50 DEBUG src ref_model_zero called batch=1 splits=4
2025-09-04 14:32:50 DEBUG src ref_model_zero called batch=1 splits=4
2025-09-04 14:32:50 DEBUG src ref_model_zero called batch=1 splits=4
2025-09-04 14:32:50 DEBUG src ref_model_zero called batch=1 splits=4
2025-09-04 14:32:50 DEBUG src ref_model_zero called batch=1 splits=4
2025-09-04 14:32:51 INFO src iter=7 evals_total=40 best_current=[0.175112,0.075876,0.252139,0.004506] dt_iter=171.894s dt_total=1415.349s
2025-09-04 14:32:52 INFO src distmod_4 start n=1 targets=4
2025-09-04 14:32:52 INFO src distmod_4 start n=1 targets=4
2025-09-04 14:32:52 INFO src distmod_4 start n=1 targets=4
2025-09-04 14:32:52 INFO src distmod_4 start n=1 targets=4
2025-09-04 14:34:10 INFO src [Eval] thr=0.978, hidden=13, k=5, MRE=0.513248
2025-09-04 14:34:10 INFO src [Eval] thr=0.978, hidden=13, k=5, MRE=1.285554
2025-09-04 14:34:10 INFO src [Eval] thr=0.978, hidden=13, k=5, MRE=0.988952
2025-09-04 14:34:10 INFO src [Eval] thr=0.978, hidden=13, k=5, MRE=0.033519
2025-09-04 14:34:10 INFO src 
2025-09-04 14:34:10 INFO src distmod_4 done in 77.901s
2025-09-04 14:34:10 INFO src distmod_4 start n=1 targets=4
2025-09-04 14:34:10 INFO src [Eval] thr=0.599, hidden=17, k=5, MRE=0.472934
2025-09-04 14:34:10 INFO src [Eval] thr=0.599, hidden=17, k=5, MRE=1.228072
2025-09-04 14:34:10 INFO src [Eval] thr=0.599, hidden=17, k=5, MRE=0.567393
2025-09-04 14:34:10 INFO src [Eval] thr=0.599, hidden=17, k=5, MRE=0.017440
2025-09-04 14:34:10 INFO src 
2025-09-04 14:34:10 INFO src distmod_4 done in 78.202s
2025-09-04 14:34:15 INFO src [Eval] thr=0.007, hidden=14, k=36, MRE=0.568298
2025-09-04 14:34:15 INFO src [Eval] thr=0.007, hidden=14, k=36, MRE=0.314913
2025-09-04 14:34:15 INFO src [Eval] thr=0.007, hidden=14, k=36, MRE=0.175419
2025-09-04 14:34:15 INFO src [Eval] thr=0.007, hidden=14, k=36, MRE=0.000959
2025-09-04 14:34:15 INFO src 
2025-09-04 14:34:15 INFO src distmod_4 done in 83.722s
2025-09-04 14:34:30 INFO src [Eval] thr=0.121, hidden=160, k=29, MRE=0.245487
2025-09-04 14:34:30 INFO src [Eval] thr=0.121, hidden=160, k=32, MRE=0.176186
2025-09-04 14:34:30 INFO src [Eval] thr=0.121, hidden=160, k=28, MRE=0.651797
2025-09-04 14:34:30 INFO src [Eval] thr=0.121, hidden=160, k=14, MRE=0.004950
2025-09-04 14:34:30 INFO src 
2025-09-04 14:34:30 INFO src distmod_4 done in 97.922s
2025-09-04 14:35:31 INFO src [Eval] thr=0.426, hidden=51, k=6, MRE=0.578728
2025-09-04 14:35:31 INFO src [Eval] thr=0.426, hidden=51, k=6, MRE=1.144090
2025-09-04 14:35:31 INFO src [Eval] thr=0.426, hidden=51, k=6, MRE=0.582479
2025-09-04 14:35:31 INFO src [Eval] thr=0.426, hidden=51, k=5, MRE=0.019715
2025-09-04 14:35:31 INFO src 
2025-09-04 14:35:31 INFO src distmod_4 done in 81.062s
2025-09-04 14:35:31 DEBUG src ref_model_zero called batch=1 splits=4
2025-09-04 14:35:31 DEBUG src ref_model_zero called batch=1 splits=4
2025-09-04 14:35:31 DEBUG src ref_model_zero called batch=1 splits=4
2025-09-04 14:35:31 DEBUG src ref_model_zero called batch=1 splits=4
2025-09-04 14:35:31 DEBUG src ref_model_zero called batch=1 splits=4
2025-09-04 14:35:31 INFO src iter=8 evals_total=45 best_current=[0.175112,0.075876,0.175419,0.000959] dt_iter=160.688s dt_total=1576.039s
2025-09-04 14:35:32 INFO src distmod_4 start n=1 targets=4
2025-09-04 14:35:32 INFO src distmod_4 start n=1 targets=4
2025-09-04 14:35:32 INFO src distmod_4 start n=1 targets=4
2025-09-04 14:35:32 INFO src distmod_4 start n=1 targets=4
2025-09-04 14:37:18 INFO src [Eval] thr=0.948, hidden=148, k=5, MRE=0.467991
2025-09-04 14:37:18 INFO src [Eval] thr=0.948, hidden=148, k=5, MRE=1.164631
2025-09-04 14:37:18 INFO src [Eval] thr=0.948, hidden=148, k=5, MRE=0.919333
2025-09-04 14:37:18 INFO src [Eval] thr=0.948, hidden=148, k=5, MRE=0.028179
2025-09-04 14:37:18 INFO src 
2025-09-04 14:37:18 INFO src distmod_4 done in 105.312s
2025-09-04 14:37:18 INFO src distmod_4 start n=1 targets=4
2025-09-04 14:37:21 INFO src [Eval] thr=0.984, hidden=74, k=5, MRE=0.533034
2025-09-04 14:37:21 INFO src [Eval] thr=0.984, hidden=74, k=5, MRE=1.383639
2025-09-04 14:37:21 INFO src [Eval] thr=0.984, hidden=74, k=5, MRE=0.582521
2025-09-04 14:37:21 INFO src [Eval] thr=0.984, hidden=74, k=5, MRE=0.037973
2025-09-04 14:37:21 INFO src 
2025-09-04 14:37:21 INFO src distmod_4 done in 108.433s
2025-09-04 14:37:24 INFO src [Eval] thr=0.286, hidden=47, k=7, MRE=0.521535
2025-09-04 14:37:24 INFO src [Eval] thr=0.286, hidden=47, k=10, MRE=0.286544
2025-09-04 14:37:24 INFO src [Eval] thr=0.286, hidden=47, k=7, MRE=0.520356
2025-09-04 14:37:24 INFO src [Eval] thr=0.286, hidden=47, k=5, MRE=0.010143
2025-09-04 14:37:24 INFO src 
2025-09-04 14:37:24 INFO src distmod_4 done in 111.491s
2025-09-04 14:37:27 INFO src [Eval] thr=0.472, hidden=185, k=5, MRE=0.861322
2025-09-04 14:37:27 INFO src [Eval] thr=0.472, hidden=185, k=5, MRE=1.112236
2025-09-04 14:37:27 INFO src [Eval] thr=0.472, hidden=185, k=5, MRE=1.286846
2025-09-04 14:37:27 INFO src [Eval] thr=0.472, hidden=185, k=5, MRE=0.013274
2025-09-04 14:37:27 INFO src 
2025-09-04 14:37:27 INFO src distmod_4 done in 114.400s
2025-09-04 14:38:36 INFO src [Eval] thr=0.673, hidden=114, k=5, MRE=0.518868
2025-09-04 14:38:36 INFO src [Eval] thr=0.673, hidden=114, k=5, MRE=1.242601
2025-09-04 14:38:36 INFO src [Eval] thr=0.673, hidden=114, k=5, MRE=0.664176
2025-09-04 14:38:36 INFO src [Eval] thr=0.673, hidden=114, k=5, MRE=0.017702
2025-09-04 14:38:36 INFO src 
2025-09-04 14:38:36 INFO src distmod_4 done in 78.369s
2025-09-04 14:38:36 DEBUG src ref_model_zero called batch=1 splits=4
2025-09-04 14:38:36 DEBUG src ref_model_zero called batch=1 splits=4
2025-09-04 14:38:36 DEBUG src ref_model_zero called batch=1 splits=4
2025-09-04 14:38:36 DEBUG src ref_model_zero called batch=1 splits=4
2025-09-04 14:38:36 DEBUG src ref_model_zero called batch=1 splits=4
2025-09-04 14:38:37 INFO src iter=9 evals_total=50 best_current=[0.175112,0.075876,0.175419,0.000959] dt_iter=185.412s dt_total=1761.452s
2025-09-04 14:38:38 INFO src distmod_4 start n=1 targets=4
2025-09-04 14:38:38 INFO src distmod_4 start n=1 targets=4
2025-09-04 14:38:38 INFO src distmod_4 start n=1 targets=4
2025-09-04 14:38:38 INFO src distmod_4 start n=1 targets=4
2025-09-04 14:40:00 INFO src [Eval] thr=0.762, hidden=11, k=5, MRE=0.475795
2025-09-04 14:40:00 INFO src [Eval] thr=0.762, hidden=11, k=5, MRE=1.165253
2025-09-04 14:40:00 INFO src [Eval] thr=0.762, hidden=11, k=5, MRE=0.620425
2025-09-04 14:40:00 INFO src [Eval] thr=0.762, hidden=11, k=5, MRE=0.018695
2025-09-04 14:40:00 INFO src 
2025-09-04 14:40:00 INFO src distmod_4 done in 82.611s
2025-09-04 14:40:00 INFO src distmod_4 start n=1 targets=4
2025-09-04 14:40:37 INFO src [Eval] thr=0.537, hidden=161, k=5, MRE=0.517731
2025-09-04 14:40:37 INFO src [Eval] thr=0.537, hidden=161, k=5, MRE=1.103327
2025-09-04 14:40:37 INFO src [Eval] thr=0.537, hidden=161, k=5, MRE=0.640836
2025-09-04 14:40:37 INFO src [Eval] thr=0.537, hidden=161, k=5, MRE=0.021988
2025-09-04 14:40:37 INFO src 
2025-09-04 14:40:37 INFO src distmod_4 done in 119.338s
2025-09-04 14:40:38 INFO src [Eval] thr=0.468, hidden=129, k=5, MRE=0.524308
2025-09-04 14:40:38 INFO src [Eval] thr=0.468, hidden=129, k=5, MRE=1.290516
2025-09-04 14:40:38 INFO src [Eval] thr=0.468, hidden=129, k=5, MRE=0.572509
2025-09-04 14:40:38 INFO src [Eval] thr=0.468, hidden=129, k=5, MRE=0.014313
2025-09-04 14:40:38 INFO src 
2025-09-04 14:40:38 INFO src distmod_4 done in 120.062s
2025-09-04 14:40:42 INFO src [Eval] thr=0.939, hidden=157, k=5, MRE=0.553320
2025-09-04 14:40:42 INFO src [Eval] thr=0.939, hidden=157, k=5, MRE=1.125792
2025-09-04 14:40:42 INFO src [Eval] thr=0.939, hidden=157, k=5, MRE=0.996715
2025-09-04 14:40:42 INFO src [Eval] thr=0.939, hidden=157, k=5, MRE=0.041027
2025-09-04 14:40:42 INFO src 
2025-09-04 14:40:42 INFO src distmod_4 done in 124.262s
2025-09-04 14:41:42 INFO src [Eval] thr=0.676, hidden=114, k=5, MRE=0.518868
2025-09-04 14:41:42 INFO src [Eval] thr=0.676, hidden=114, k=5, MRE=1.242601
2025-09-04 14:41:42 INFO src [Eval] thr=0.676, hidden=114, k=5, MRE=0.664176
2025-09-04 14:41:42 INFO src [Eval] thr=0.676, hidden=114, k=5, MRE=0.017702
2025-09-04 14:41:42 INFO src 
2025-09-04 14:41:42 INFO src distmod_4 done in 101.684s
2025-09-04 14:41:42 DEBUG src ref_model_zero called batch=1 splits=4
2025-09-04 14:41:42 DEBUG src ref_model_zero called batch=1 splits=4
2025-09-04 14:41:42 DEBUG src ref_model_zero called batch=1 splits=4
2025-09-04 14:41:42 DEBUG src ref_model_zero called batch=1 splits=4
2025-09-04 14:41:42 DEBUG src ref_model_zero called batch=1 splits=4
2025-09-04 14:41:43 INFO src iter=10 evals_total=55 best_current=[0.175112,0.075876,0.175419,0.000959] dt_iter=186.130s dt_total=1947.649s
2025-09-04 14:41:44 INFO src distmod_4 start n=1 targets=4
2025-09-04 14:41:44 INFO src distmod_4 start n=1 targets=4
2025-09-04 14:41:44 INFO src distmod_4 start n=1 targets=4
2025-09-04 14:41:44 INFO src distmod_4 start n=1 targets=4
2025-09-04 14:43:29 INFO src [Eval] thr=0.853, hidden=144, k=5, MRE=0.508344
2025-09-04 14:43:29 INFO src [Eval] thr=0.853, hidden=144, k=5, MRE=1.184766
2025-09-04 14:43:29 INFO src [Eval] thr=0.853, hidden=144, k=5, MRE=1.035290
2025-09-04 14:43:29 INFO src [Eval] thr=0.853, hidden=144, k=5, MRE=0.015054
2025-09-04 14:43:29 INFO src 
2025-09-04 14:43:29 INFO src distmod_4 done in 104.593s
2025-09-04 14:43:29 INFO src distmod_4 start n=1 targets=4
2025-09-04 14:43:33 INFO src [Eval] thr=0.197, hidden=78, k=16, MRE=0.323850
2025-09-04 14:43:33 INFO src [Eval] thr=0.197, hidden=78, k=27, MRE=0.564466
2025-09-04 14:43:33 INFO src [Eval] thr=0.197, hidden=78, k=16, MRE=0.480749
2025-09-04 14:43:33 INFO src [Eval] thr=0.197, hidden=78, k=5, MRE=0.030151
2025-09-04 14:43:33 INFO src 
2025-09-04 14:43:33 INFO src distmod_4 done in 109.383s
2025-09-04 14:43:40 INFO src [Eval] thr=0.054, hidden=96, k=35, MRE=0.280444
2025-09-04 14:43:40 INFO src [Eval] thr=0.054, hidden=96, k=36, MRE=0.128317
2025-09-04 14:43:40 INFO src [Eval] thr=0.054, hidden=96, k=35, MRE=0.654047
2025-09-04 14:43:40 INFO src [Eval] thr=0.054, hidden=96, k=34, MRE=0.003895
2025-09-04 14:43:40 INFO src 
2025-09-04 14:43:40 INFO src distmod_4 done in 116.395s
2025-09-04 14:43:45 INFO src [Eval] thr=0.639, hidden=191, k=5, MRE=0.737945
2025-09-04 14:43:45 INFO src [Eval] thr=0.639, hidden=191, k=5, MRE=1.278424
2025-09-04 14:43:45 INFO src [Eval] thr=0.639, hidden=191, k=5, MRE=0.592132
2025-09-04 14:43:45 INFO src [Eval] thr=0.639, hidden=191, k=5, MRE=0.010840
2025-09-04 14:43:45 INFO src 
2025-09-04 14:43:45 INFO src distmod_4 done in 121.083s
2025-09-04 14:44:52 INFO src [Eval] thr=0.436, hidden=127, k=5, MRE=0.521168
2025-09-04 14:44:52 INFO src [Eval] thr=0.436, hidden=127, k=5, MRE=1.137966
2025-09-04 14:44:52 INFO src [Eval] thr=0.436, hidden=127, k=5, MRE=1.508484
2025-09-04 14:44:52 INFO src [Eval] thr=0.436, hidden=127, k=5, MRE=0.010367
2025-09-04 14:44:52 INFO src 
2025-09-04 14:44:52 INFO src distmod_4 done in 83.589s
2025-09-04 14:44:52 DEBUG src ref_model_zero called batch=1 splits=4
2025-09-04 14:44:52 DEBUG src ref_model_zero called batch=1 splits=4
2025-09-04 14:44:52 DEBUG src ref_model_zero called batch=1 splits=4
2025-09-04 14:44:52 DEBUG src ref_model_zero called batch=1 splits=4
2025-09-04 14:44:52 DEBUG src ref_model_zero called batch=1 splits=4
2025-09-04 14:44:53 INFO src iter=11 evals_total=60 best_current=[0.175112,0.075876,0.175419,0.000959] dt_iter=190.069s dt_total=2137.721s
2025-09-04 14:44:54 INFO src distmod_4 start n=1 targets=4
2025-09-04 14:44:54 INFO src distmod_4 start n=1 targets=4
2025-09-04 14:44:54 INFO src distmod_4 start n=1 targets=4
2025-09-04 14:44:54 INFO src distmod_4 start n=1 targets=4
2025-09-04 14:46:38 INFO src [Eval] thr=0.755, hidden=122, k=5, MRE=0.548784
2025-09-04 14:46:38 INFO src [Eval] thr=0.755, hidden=122, k=5, MRE=0.930882
2025-09-04 14:46:38 INFO src [Eval] thr=0.755, hidden=122, k=5, MRE=0.587707
2025-09-04 14:46:38 INFO src [Eval] thr=0.755, hidden=122, k=5, MRE=0.036923
2025-09-04 14:46:38 INFO src 
2025-09-04 14:46:38 INFO src distmod_4 done in 104.221s
2025-09-04 14:46:38 INFO src distmod_4 start n=1 targets=4
2025-09-04 14:46:53 INFO src [Eval] thr=0.306, hidden=150, k=7, MRE=0.506722
2025-09-04 14:46:53 INFO src [Eval] thr=0.306, hidden=150, k=10, MRE=0.259523
2025-09-04 14:46:53 INFO src [Eval] thr=0.306, hidden=150, k=7, MRE=1.209858
2025-09-04 14:46:53 INFO src [Eval] thr=0.306, hidden=150, k=5, MRE=0.013269
2025-09-04 14:46:53 INFO src 
2025-09-04 14:46:53 INFO src distmod_4 done in 119.333s
2025-09-04 14:46:53 INFO src [Eval] thr=0.378, hidden=199, k=6, MRE=0.525652
2025-09-04 14:46:53 INFO src [Eval] thr=0.378, hidden=199, k=6, MRE=1.265580
2025-09-04 14:46:53 INFO src [Eval] thr=0.378, hidden=199, k=6, MRE=1.125243
2025-09-04 14:46:53 INFO src [Eval] thr=0.378, hidden=199, k=5, MRE=0.019196
2025-09-04 14:46:53 INFO src 
2025-09-04 14:46:53 INFO src distmod_4 done in 119.416s
Exception ignored in: <function ResourceTracker.__del__ at 0x7f88e3c5aac0>
Traceback (most recent call last):
  File "/opt/conda/lib/python3.12/multiprocessing/resource_tracker.py", line 77, in __del__
  File "/opt/conda/lib/python3.12/multiprocessing/resource_tracker.py", line 86, in _stop
  File "/opt/conda/lib/python3.12/multiprocessing/resource_tracker.py", line 111, in _stop_locked
ChildProcessError: [Errno 10] No child processes
2025-09-04 14:46:57 INFO src [Eval] thr=0.249, hidden=199, k=10, MRE=0.329751
2025-09-04 14:46:57 INFO src [Eval] thr=0.249, hidden=199, k=14, MRE=0.271569
2025-09-04 14:46:57 INFO src [Eval] thr=0.249, hidden=199, k=10, MRE=0.518050
2025-09-04 14:46:57 INFO src [Eval] thr=0.249, hidden=199, k=5, MRE=0.019196
2025-09-04 14:46:57 INFO src 
2025-09-04 14:46:57 INFO src distmod_4 done in 122.668s
Exception ignored in: <function ResourceTracker.__del__ at 0x7fe566f0eac0>
Traceback (most recent call last):
  File "/opt/conda/lib/python3.12/multiprocessing/resource_tracker.py", line 77, in __del__
  File "/opt/conda/lib/python3.12/multiprocessing/resource_tracker.py", line 86, in _stop
  File "/opt/conda/lib/python3.12/multiprocessing/resource_tracker.py", line 111, in _stop_locked
ChildProcessError: [Errno 10] No child processes
2025-09-04 14:48:03 INFO src [Eval] thr=0.422, hidden=168, k=6, MRE=0.692714
2025-09-04 14:48:03 INFO src [Eval] thr=0.422, hidden=168, k=6, MRE=1.770855
2025-09-04 14:48:03 INFO src [Eval] thr=0.422, hidden=168, k=6, MRE=0.743540
2025-09-04 14:48:03 INFO src [Eval] thr=0.422, hidden=168, k=5, MRE=0.031798
2025-09-04 14:48:03 INFO src 
2025-09-04 14:48:03 INFO src distmod_4 done in 84.947s
2025-09-04 14:48:03 DEBUG src ref_model_zero called batch=1 splits=4
2025-09-04 14:48:03 DEBUG src ref_model_zero called batch=1 splits=4
2025-09-04 14:48:03 DEBUG src ref_model_zero called batch=1 splits=4
2025-09-04 14:48:03 DEBUG src ref_model_zero called batch=1 splits=4
2025-09-04 14:48:03 DEBUG src ref_model_zero called batch=1 splits=4
2025-09-04 14:48:04 INFO src iter=12 evals_total=65 best_current=[0.175112,0.075876,0.175419,0.000959] dt_iter=191.130s dt_total=2328.853s
2025-09-04 14:48:32 INFO src distmod_4 start n=1 targets=4
2025-09-04 14:48:32 INFO src distmod_4 start n=1 targets=4
2025-09-04 14:48:32 INFO src distmod_4 start n=1 targets=4
2025-09-04 14:48:32 INFO src distmod_4 start n=1 targets=4
2025-09-04 14:49:57 INFO src [Eval] thr=0.684, hidden=22, k=5, MRE=0.468150
2025-09-04 14:49:57 INFO src [Eval] thr=0.684, hidden=22, k=5, MRE=0.866166
2025-09-04 14:49:57 INFO src [Eval] thr=0.684, hidden=22, k=5, MRE=0.611635
2025-09-04 14:49:57 INFO src [Eval] thr=0.684, hidden=22, k=5, MRE=0.040648
2025-09-04 14:49:57 INFO src 
2025-09-04 14:49:57 INFO src distmod_4 done in 84.894s
2025-09-04 14:49:57 INFO src distmod_4 start n=1 targets=4
2025-09-04 14:50:23 INFO src [Eval] thr=0.380, hidden=185, k=6, MRE=0.566808
2025-09-04 14:50:23 INFO src [Eval] thr=0.380, hidden=185, k=6, MRE=1.077118
2025-09-04 14:50:23 INFO src [Eval] thr=0.380, hidden=185, k=6, MRE=0.835024
2025-09-04 14:50:23 INFO src [Eval] thr=0.380, hidden=185, k=5, MRE=0.013274
2025-09-04 14:50:23 INFO src 
2025-09-04 14:50:23 INFO src distmod_4 done in 111.405s
2025-09-04 14:50:26 INFO src [Eval] thr=0.684, hidden=90, k=5, MRE=0.448221
2025-09-04 14:50:26 INFO src [Eval] thr=0.684, hidden=90, k=5, MRE=1.159598
2025-09-04 14:50:26 INFO src [Eval] thr=0.684, hidden=90, k=5, MRE=0.633907
2025-09-04 14:50:26 INFO src [Eval] thr=0.684, hidden=90, k=5, MRE=0.012529
2025-09-04 14:50:26 INFO src 
2025-09-04 14:50:26 INFO src distmod_4 done in 113.785s
2025-09-04 14:50:28 INFO src [Eval] thr=0.917, hidden=199, k=5, MRE=0.809687
2025-09-04 14:50:28 INFO src [Eval] thr=0.917, hidden=199, k=5, MRE=0.798095
2025-09-04 14:50:28 INFO src [Eval] thr=0.917, hidden=199, k=5, MRE=0.990389
2025-09-04 14:50:28 INFO src [Eval] thr=0.917, hidden=199, k=5, MRE=0.019196
2025-09-04 14:50:28 INFO src 
2025-09-04 14:50:28 INFO src distmod_4 done in 116.478s
2025-09-04 14:51:32 INFO src [Eval] thr=0.666, hidden=124, k=5, MRE=0.632430
2025-09-04 14:51:32 INFO src [Eval] thr=0.666, hidden=124, k=5, MRE=1.189439
2025-09-04 14:51:32 INFO src [Eval] thr=0.666, hidden=124, k=5, MRE=0.540274
2025-09-04 14:51:32 INFO src [Eval] thr=0.666, hidden=124, k=5, MRE=0.018149
2025-09-04 14:51:32 INFO src 
2025-09-04 14:51:32 INFO src distmod_4 done in 95.274s
2025-09-04 14:51:32 DEBUG src ref_model_zero called batch=1 splits=4
2025-09-04 14:51:32 DEBUG src ref_model_zero called batch=1 splits=4
2025-09-04 14:51:32 DEBUG src ref_model_zero called batch=1 splits=4
2025-09-04 14:51:32 DEBUG src ref_model_zero called batch=1 splits=4
2025-09-04 14:51:32 DEBUG src ref_model_zero called batch=1 splits=4
2025-09-04 14:51:33 INFO src iter=13 evals_total=70 best_current=[0.175112,0.075876,0.175419,0.000959] dt_iter=208.906s dt_total=2537.826s
2025-09-04 14:51:34 INFO src distmod_4 start n=1 targets=4
2025-09-04 14:51:34 INFO src distmod_4 start n=1 targets=4
2025-09-04 14:51:34 INFO src distmod_4 start n=1 targets=4
2025-09-04 14:51:34 INFO src distmod_4 start n=1 targets=4
2025-09-04 14:53:12 INFO src [Eval] thr=0.817, hidden=98, k=5, MRE=0.524051
2025-09-04 14:53:12 INFO src [Eval] thr=0.817, hidden=98, k=5, MRE=1.187281
2025-09-04 14:53:12 INFO src [Eval] thr=0.817, hidden=98, k=5, MRE=0.629339
2025-09-04 14:53:12 INFO src [Eval] thr=0.817, hidden=98, k=5, MRE=0.013149
2025-09-04 14:53:12 INFO src 
2025-09-04 14:53:12 INFO src distmod_4 done in 98.215s
2025-09-04 14:53:12 INFO src distmod_4 start n=1 targets=4
2025-09-04 14:53:29 INFO src [Eval] thr=0.352, hidden=98, k=6, MRE=0.505801
2025-09-04 14:53:29 INFO src [Eval] thr=0.352, hidden=98, k=7, MRE=0.295091
2025-09-04 14:53:29 INFO src [Eval] thr=0.352, hidden=98, k=6, MRE=1.245454
2025-09-04 14:53:29 INFO src [Eval] thr=0.352, hidden=98, k=5, MRE=0.013149
2025-09-04 14:53:29 INFO src 
2025-09-04 14:53:29 INFO src distmod_4 done in 114.506s
2025-09-04 14:53:31 INFO src [Eval] thr=0.051, hidden=61, k=35, MRE=0.454291
2025-09-04 14:53:31 INFO src [Eval] thr=0.051, hidden=61, k=36, MRE=0.061533
2025-09-04 14:53:31 INFO src [Eval] thr=0.051, hidden=61, k=35, MRE=0.221509
2025-09-04 14:53:31 INFO src [Eval] thr=0.051, hidden=61, k=34, MRE=0.002909
2025-09-04 14:53:31 INFO src 
2025-09-04 14:53:31 INFO src distmod_4 done in 116.817s
2025-09-04 14:53:33 INFO src [Eval] thr=0.889, hidden=150, k=5, MRE=0.563904
2025-09-04 14:53:33 INFO src [Eval] thr=0.889, hidden=150, k=5, MRE=1.260804
2025-09-04 14:53:33 INFO src [Eval] thr=0.889, hidden=150, k=5, MRE=0.513185
2025-09-04 14:53:33 INFO src [Eval] thr=0.889, hidden=150, k=5, MRE=0.013269
2025-09-04 14:53:33 INFO src 
2025-09-04 14:53:33 INFO src distmod_4 done in 119.003s
2025-09-04 14:54:34 INFO src [Eval] thr=0.527, hidden=102, k=5, MRE=0.507453
2025-09-04 14:54:34 INFO src [Eval] thr=0.527, hidden=102, k=5, MRE=0.935963
2025-09-04 14:54:34 INFO src [Eval] thr=0.527, hidden=102, k=5, MRE=0.740568
2025-09-04 14:54:34 INFO src [Eval] thr=0.527, hidden=102, k=5, MRE=0.019705
2025-09-04 14:54:34 INFO src 
2025-09-04 14:54:34 INFO src distmod_4 done in 81.600s
2025-09-04 14:54:34 DEBUG src ref_model_zero called batch=1 splits=4
2025-09-04 14:54:34 DEBUG src ref_model_zero called batch=1 splits=4
2025-09-04 14:54:34 DEBUG src ref_model_zero called batch=1 splits=4
2025-09-04 14:54:34 DEBUG src ref_model_zero called batch=1 splits=4
2025-09-04 14:54:34 DEBUG src ref_model_zero called batch=1 splits=4
2025-09-04 14:54:35 INFO src iter=14 evals_total=75 best_current=[0.175112,0.061533,0.175419,0.000959] dt_iter=181.801s dt_total=2719.628s
2025-09-04 14:54:36 INFO src distmod_4 start n=1 targets=4
2025-09-04 14:54:36 INFO src distmod_4 start n=1 targets=4
2025-09-04 14:54:36 INFO src distmod_4 start n=1 targets=4
2025-09-04 14:54:36 INFO src distmod_4 start n=1 targets=4
2025-09-04 14:55:56 INFO src [Eval] thr=0.543, hidden=21, k=5, MRE=0.627294
2025-09-04 14:55:56 INFO src [Eval] thr=0.543, hidden=21, k=5, MRE=1.211390
2025-09-04 14:55:56 INFO src [Eval] thr=0.543, hidden=21, k=5, MRE=0.957392
2025-09-04 14:55:56 INFO src [Eval] thr=0.543, hidden=21, k=5, MRE=0.035144
2025-09-04 14:55:56 INFO src 
2025-09-04 14:55:56 INFO src distmod_4 done in 79.697s
2025-09-04 14:55:56 INFO src distmod_4 start n=1 targets=4
2025-09-04 14:56:13 INFO src [Eval] thr=0.873, hidden=44, k=5, MRE=0.557186
2025-09-04 14:56:13 INFO src [Eval] thr=0.873, hidden=44, k=5, MRE=0.894778
2025-09-04 14:56:13 INFO src [Eval] thr=0.873, hidden=44, k=5, MRE=0.740197
2025-09-04 14:56:13 INFO src [Eval] thr=0.873, hidden=44, k=5, MRE=0.014275
2025-09-04 14:56:13 INFO src 
2025-09-04 14:56:13 INFO src distmod_4 done in 96.907s
2025-09-04 14:56:15 INFO src [Eval] thr=0.715, hidden=78, k=5, MRE=0.491583
2025-09-04 14:56:15 INFO src [Eval] thr=0.715, hidden=78, k=5, MRE=1.099908
2025-09-04 14:56:15 INFO src [Eval] thr=0.715, hidden=78, k=5, MRE=0.501030
2025-09-04 14:56:15 INFO src [Eval] thr=0.715, hidden=78, k=5, MRE=0.030151
2025-09-04 14:56:15 INFO src 
2025-09-04 14:56:15 INFO src distmod_4 done in 98.567s
2025-09-04 14:56:23 INFO src [Eval] thr=0.998, hidden=172, k=5, MRE=0.529190
2025-09-04 14:56:23 INFO src [Eval] thr=0.998, hidden=172, k=5, MRE=1.647405
2025-09-04 14:56:23 INFO src [Eval] thr=0.998, hidden=172, k=5, MRE=1.410000
2025-09-04 14:56:23 INFO src [Eval] thr=0.998, hidden=172, k=5, MRE=0.018576
2025-09-04 14:56:23 INFO src 
2025-09-04 14:56:23 INFO src distmod_4 done in 106.998s
2025-09-04 14:57:26 INFO src [Eval] thr=0.782, hidden=79, k=5, MRE=0.462167
2025-09-04 14:57:26 INFO src [Eval] thr=0.782, hidden=79, k=5, MRE=1.237781
2025-09-04 14:57:26 INFO src [Eval] thr=0.782, hidden=79, k=5, MRE=0.929111
2025-09-04 14:57:26 INFO src [Eval] thr=0.782, hidden=79, k=5, MRE=0.048482
2025-09-04 14:57:26 INFO src 
2025-09-04 14:57:26 INFO src distmod_4 done in 89.984s
2025-09-04 14:57:26 DEBUG src ref_model_zero called batch=1 splits=4
2025-09-04 14:57:26 DEBUG src ref_model_zero called batch=1 splits=4
2025-09-04 14:57:26 DEBUG src ref_model_zero called batch=1 splits=4
2025-09-04 14:57:26 DEBUG src ref_model_zero called batch=1 splits=4
2025-09-04 14:57:26 DEBUG src ref_model_zero called batch=1 splits=4
2025-09-04 14:57:27 INFO src iter=15 evals_total=80 best_current=[0.175112,0.061533,0.175419,0.000959] dt_iter=171.712s dt_total=2891.343s
2025-09-04 14:57:28 INFO src distmod_4 start n=1 targets=4
2025-09-04 14:57:28 INFO src distmod_4 start n=1 targets=4
2025-09-04 14:57:28 INFO src distmod_4 start n=1 targets=4
2025-09-04 14:57:28 INFO src distmod_4 start n=1 targets=4
2025-09-04 14:59:06 INFO src [Eval] thr=0.921, hidden=109, k=5, MRE=0.468063
2025-09-04 14:59:06 INFO src [Eval] thr=0.921, hidden=109, k=5, MRE=1.057798
2025-09-04 14:59:06 INFO src [Eval] thr=0.921, hidden=109, k=5, MRE=0.578824
2025-09-04 14:59:06 INFO src [Eval] thr=0.921, hidden=109, k=5, MRE=0.021510
2025-09-04 14:59:06 INFO src 
2025-09-04 14:59:06 INFO src distmod_4 done in 98.085s
2025-09-04 14:59:06 INFO src distmod_4 start n=1 targets=4
2025-09-04 14:59:09 INFO src [Eval] thr=0.894, hidden=84, k=5, MRE=0.482226
2025-09-04 14:59:09 INFO src [Eval] thr=0.894, hidden=84, k=5, MRE=1.159868
2025-09-04 14:59:09 INFO src [Eval] thr=0.894, hidden=84, k=5, MRE=0.607434
2025-09-04 14:59:09 INFO src [Eval] thr=0.894, hidden=84, k=5, MRE=0.035966
2025-09-04 14:59:09 INFO src 
2025-09-04 14:59:09 INFO src distmod_4 done in 101.106s
2025-09-04 14:59:11 INFO src [Eval] thr=0.810, hidden=119, k=5, MRE=0.692923
2025-09-04 14:59:11 INFO src [Eval] thr=0.810, hidden=119, k=5, MRE=1.349782
2025-09-04 14:59:11 INFO src [Eval] thr=0.810, hidden=119, k=5, MRE=0.578697
2025-09-04 14:59:11 INFO src [Eval] thr=0.810, hidden=119, k=5, MRE=0.024087
2025-09-04 14:59:11 INFO src 
2025-09-04 14:59:11 INFO src distmod_4 done in 103.398s
2025-09-04 14:59:17 INFO src [Eval] thr=0.625, hidden=199, k=5, MRE=0.809687
2025-09-04 14:59:17 INFO src [Eval] thr=0.625, hidden=199, k=5, MRE=0.798095
2025-09-04 14:59:17 INFO src [Eval] thr=0.625, hidden=199, k=5, MRE=0.990389
2025-09-04 14:59:17 INFO src [Eval] thr=0.625, hidden=199, k=5, MRE=0.019196
2025-09-04 14:59:17 INFO src 
2025-09-04 14:59:17 INFO src distmod_4 done in 109.595s
2025-09-04 15:00:22 INFO src [Eval] thr=0.812, hidden=128, k=5, MRE=0.572247
2025-09-04 15:00:22 INFO src [Eval] thr=0.812, hidden=128, k=5, MRE=0.993799
2025-09-04 15:00:22 INFO src [Eval] thr=0.812, hidden=128, k=5, MRE=0.578648
2025-09-04 15:00:22 INFO src [Eval] thr=0.812, hidden=128, k=5, MRE=0.030456
2025-09-04 15:00:22 INFO src 
2025-09-04 15:00:22 INFO src distmod_4 done in 75.752s
2025-09-04 15:00:22 DEBUG src ref_model_zero called batch=1 splits=4
2025-09-04 15:00:22 DEBUG src ref_model_zero called batch=1 splits=4
2025-09-04 15:00:22 DEBUG src ref_model_zero called batch=1 splits=4
2025-09-04 15:00:22 DEBUG src ref_model_zero called batch=1 splits=4
2025-09-04 15:00:22 DEBUG src ref_model_zero called batch=1 splits=4
2025-09-04 15:00:22 INFO src iter=16 evals_total=85 best_current=[0.175112,0.061533,0.175419,0.000959] dt_iter=175.713s dt_total=3067.059s
2025-09-04 15:00:23 INFO src distmod_4 start n=1 targets=4
2025-09-04 15:00:23 INFO src distmod_4 start n=1 targets=4
2025-09-04 15:00:23 INFO src distmod_4 start n=1 targets=4
2025-09-04 15:00:23 INFO src distmod_4 start n=1 targets=4
2025-09-04 15:02:19 INFO src [Eval] thr=0.422, hidden=133, k=6, MRE=0.580235
2025-09-04 15:02:19 INFO src [Eval] thr=0.422, hidden=133, k=6, MRE=0.945886
2025-09-04 15:02:19 INFO src [Eval] thr=0.422, hidden=133, k=6, MRE=0.545478
2025-09-04 15:02:19 INFO src [Eval] thr=0.422, hidden=133, k=5, MRE=0.032955
2025-09-04 15:02:19 INFO src 
2025-09-04 15:02:19 INFO src distmod_4 done in 115.876s
2025-09-04 15:02:19 INFO src distmod_4 start n=1 targets=4
2025-09-04 15:02:20 INFO src [Eval] thr=0.672, hidden=199, k=5, MRE=0.809687
2025-09-04 15:02:20 INFO src [Eval] thr=0.672, hidden=199, k=5, MRE=0.798095
2025-09-04 15:02:20 INFO src [Eval] thr=0.672, hidden=199, k=5, MRE=0.990389
2025-09-04 15:02:20 INFO src [Eval] thr=0.672, hidden=199, k=5, MRE=0.019196
2025-09-04 15:02:20 INFO src 
2025-09-04 15:02:20 INFO src distmod_4 done in 116.390s
2025-09-04 15:02:20 INFO src [Eval] thr=0.186, hidden=144, k=18, MRE=0.372421
2025-09-04 15:02:20 INFO src [Eval] thr=0.186, hidden=144, k=28, MRE=0.763999
2025-09-04 15:02:20 INFO src [Eval] thr=0.186, hidden=144, k=17, MRE=0.262497
2025-09-04 15:02:20 INFO src [Eval] thr=0.186, hidden=144, k=5, MRE=0.015054
2025-09-04 15:02:20 INFO src 
2025-09-04 15:02:20 INFO src distmod_4 done in 116.636s
2025-09-04 15:02:20 INFO src [Eval] thr=0.309, hidden=177, k=7, MRE=0.579629
2025-09-04 15:02:20 INFO src [Eval] thr=0.309, hidden=177, k=10, MRE=0.257798
2025-09-04 15:02:20 INFO src [Eval] thr=0.309, hidden=177, k=7, MRE=0.710147
2025-09-04 15:02:20 INFO src [Eval] thr=0.309, hidden=177, k=5, MRE=0.012728
2025-09-04 15:02:20 INFO src 
2025-09-04 15:02:20 INFO src distmod_4 done in 116.843s
2025-09-04 15:03:41 INFO src [Eval] thr=0.397, hidden=163, k=6, MRE=0.706774
2025-09-04 15:03:41 INFO src [Eval] thr=0.397, hidden=163, k=6, MRE=0.848975
2025-09-04 15:03:41 INFO src [Eval] thr=0.397, hidden=163, k=6, MRE=0.610955
2025-09-04 15:03:41 INFO src [Eval] thr=0.397, hidden=163, k=5, MRE=0.029296
2025-09-04 15:03:41 INFO src 
2025-09-04 15:03:41 INFO src distmod_4 done in 81.428s
2025-09-04 15:03:41 DEBUG src ref_model_zero called batch=1 splits=4
2025-09-04 15:03:41 DEBUG src ref_model_zero called batch=1 splits=4
2025-09-04 15:03:41 DEBUG src ref_model_zero called batch=1 splits=4
2025-09-04 15:03:41 DEBUG src ref_model_zero called batch=1 splits=4
2025-09-04 15:03:41 DEBUG src ref_model_zero called batch=1 splits=4
2025-09-04 15:03:42 INFO src iter=17 evals_total=90 best_current=[0.175112,0.061533,0.175419,0.000959] dt_iter=199.384s dt_total=3266.446s
2025-09-04 15:03:43 INFO src distmod_4 start n=1 targets=4
2025-09-04 15:03:43 INFO src distmod_4 start n=1 targets=4
2025-09-04 15:03:43 INFO src distmod_4 start n=1 targets=4
2025-09-04 15:03:43 INFO src distmod_4 start n=1 targets=4
2025-09-04 15:05:03 INFO src [Eval] thr=0.471, hidden=23, k=5, MRE=0.642880
2025-09-04 15:05:03 INFO src [Eval] thr=0.471, hidden=23, k=5, MRE=1.231521
2025-09-04 15:05:03 INFO src [Eval] thr=0.471, hidden=23, k=5, MRE=0.650268
2025-09-04 15:05:03 INFO src [Eval] thr=0.471, hidden=23, k=5, MRE=0.008356
2025-09-04 15:05:03 INFO src 
2025-09-04 15:05:03 INFO src distmod_4 done in 80.284s
2025-09-04 15:05:03 INFO src distmod_4 start n=1 targets=4
2025-09-04 15:05:17 INFO src [Eval] thr=0.054, hidden=40, k=35, MRE=0.356065
2025-09-04 15:05:17 INFO src [Eval] thr=0.054, hidden=40, k=36, MRE=0.128044
2025-09-04 15:05:17 INFO src [Eval] thr=0.054, hidden=40, k=35, MRE=0.220381
2025-09-04 15:05:17 INFO src [Eval] thr=0.054, hidden=40, k=34, MRE=0.002665
2025-09-04 15:05:17 INFO src 
2025-09-04 15:05:17 INFO src distmod_4 done in 94.682s
2025-09-04 15:05:23 INFO src [Eval] thr=0.662, hidden=89, k=5, MRE=0.462214
2025-09-04 15:05:23 INFO src [Eval] thr=0.662, hidden=89, k=5, MRE=1.185630
2025-09-04 15:05:23 INFO src [Eval] thr=0.662, hidden=89, k=5, MRE=0.554107
2025-09-04 15:05:23 INFO src [Eval] thr=0.662, hidden=89, k=5, MRE=0.017171
2025-09-04 15:05:23 INFO src 
2025-09-04 15:05:23 INFO src distmod_4 done in 100.532s
2025-09-04 15:05:25 INFO src [Eval] thr=0.235, hidden=68, k=12, MRE=0.790778
2025-09-04 15:05:25 INFO src [Eval] thr=0.235, hidden=68, k=17, MRE=0.274449
2025-09-04 15:05:25 INFO src [Eval] thr=0.235, hidden=68, k=11, MRE=0.374304
2025-09-04 15:05:25 INFO src [Eval] thr=0.235, hidden=68, k=5, MRE=0.017434
2025-09-04 15:05:25 INFO src 
2025-09-04 15:05:25 INFO src distmod_4 done in 101.924s
2025-09-04 15:06:30 INFO src [Eval] thr=0.356, hidden=55, k=6, MRE=0.540071
2025-09-04 15:06:30 INFO src [Eval] thr=0.356, hidden=55, k=6, MRE=1.222796
2025-09-04 15:06:30 INFO src [Eval] thr=0.356, hidden=55, k=6, MRE=0.666897
2025-09-04 15:06:30 INFO src [Eval] thr=0.356, hidden=55, k=5, MRE=0.021304
2025-09-04 15:06:30 INFO src 
2025-09-04 15:06:30 INFO src distmod_4 done in 87.266s
2025-09-04 15:06:30 DEBUG src ref_model_zero called batch=1 splits=4
2025-09-04 15:06:30 DEBUG src ref_model_zero called batch=1 splits=4
2025-09-04 15:06:30 DEBUG src ref_model_zero called batch=1 splits=4
2025-09-04 15:06:30 DEBUG src ref_model_zero called batch=1 splits=4
2025-09-04 15:06:30 DEBUG src ref_model_zero called batch=1 splits=4
2025-09-04 15:06:32 INFO src iter=18 evals_total=95 best_current=[0.175112,0.061533,0.175419,0.000959] dt_iter=169.703s dt_total=3436.151s
2025-09-04 15:06:33 INFO src distmod_4 start n=1 targets=4
2025-09-04 15:06:33 INFO src distmod_4 start n=1 targets=4
2025-09-04 15:06:33 INFO src distmod_4 start n=1 targets=4
2025-09-04 15:06:33 INFO src distmod_4 start n=1 targets=4
2025-09-04 15:08:08 INFO src [Eval] thr=0.417, hidden=94, k=6, MRE=0.778637
2025-09-04 15:08:08 INFO src [Eval] thr=0.417, hidden=94, k=6, MRE=1.159457
2025-09-04 15:08:08 INFO src [Eval] thr=0.417, hidden=94, k=6, MRE=0.638733
2025-09-04 15:08:08 INFO src [Eval] thr=0.417, hidden=94, k=5, MRE=0.031191
2025-09-04 15:08:08 INFO src 
2025-09-04 15:08:08 INFO src distmod_4 done in 95.322s
2025-09-04 15:08:08 INFO src distmod_4 start n=1 targets=4
2025-09-04 15:08:22 INFO src [Eval] thr=0.819, hidden=145, k=5, MRE=0.660457
2025-09-04 15:08:22 INFO src [Eval] thr=0.819, hidden=145, k=5, MRE=1.175692
2025-09-04 15:08:22 INFO src [Eval] thr=0.819, hidden=145, k=5, MRE=0.519068
2025-09-04 15:08:22 INFO src [Eval] thr=0.819, hidden=145, k=5, MRE=0.027967
2025-09-04 15:08:22 INFO src 
2025-09-04 15:08:22 INFO src distmod_4 done in 109.443s
2025-09-04 15:08:24 INFO src [Eval] thr=0.550, hidden=153, k=5, MRE=0.773607
2025-09-04 15:08:24 INFO src [Eval] thr=0.550, hidden=153, k=5, MRE=1.322506
2025-09-04 15:08:24 INFO src [Eval] thr=0.550, hidden=153, k=5, MRE=0.523993
2025-09-04 15:08:24 INFO src [Eval] thr=0.550, hidden=153, k=5, MRE=0.024786
2025-09-04 15:08:24 INFO src 
2025-09-04 15:08:24 INFO src distmod_4 done in 111.265s
2025-09-04 15:08:25 INFO src [Eval] thr=0.115, hidden=64, k=30, MRE=0.174976
2025-09-04 15:08:25 INFO src [Eval] thr=0.115, hidden=64, k=32, MRE=0.132929
2025-09-04 15:08:25 INFO src [Eval] thr=0.115, hidden=64, k=28, MRE=0.321617
2025-09-04 15:08:25 INFO src [Eval] thr=0.115, hidden=64, k=17, MRE=0.015134
2025-09-04 15:08:25 INFO src 
2025-09-04 15:08:25 INFO src distmod_4 done in 112.271s
Exception ignored in: <function ResourceTracker.__del__ at 0x7f2a23eaaac0>
Traceback (most recent call last):
  File "/opt/conda/lib/python3.12/multiprocessing/resource_tracker.py", line 77, in __del__
  File "/opt/conda/lib/python3.12/multiprocessing/resource_tracker.py", line 86, in _stop
  File "/opt/conda/lib/python3.12/multiprocessing/resource_tracker.py", line 111, in _stop_locked
ChildProcessError: [Errno 10] No child processes
2025-09-04 15:09:33 INFO src [Eval] thr=0.475, hidden=114, k=5, MRE=0.518868
2025-09-04 15:09:33 INFO src [Eval] thr=0.475, hidden=114, k=5, MRE=1.242601
2025-09-04 15:09:33 INFO src [Eval] thr=0.475, hidden=114, k=5, MRE=0.664176
2025-09-04 15:09:33 INFO src [Eval] thr=0.475, hidden=114, k=5, MRE=0.017702
2025-09-04 15:09:33 INFO src 
2025-09-04 15:09:33 INFO src distmod_4 done in 85.600s
2025-09-04 15:09:34 DEBUG src ref_model_zero called batch=1 splits=4
2025-09-04 15:09:34 DEBUG src ref_model_zero called batch=1 splits=4
2025-09-04 15:09:34 DEBUG src ref_model_zero called batch=1 splits=4
2025-09-04 15:09:34 DEBUG src ref_model_zero called batch=1 splits=4
2025-09-04 15:09:34 DEBUG src ref_model_zero called batch=1 splits=4
2025-09-04 15:09:35 INFO src iter=19 evals_total=100 best_current=[0.174976,0.061533,0.175419,0.000959] dt_iter=183.595s dt_total=3619.748s
2025-09-04 15:09:49 INFO src distmod_4 start n=1 targets=4
2025-09-04 15:09:49 INFO src distmod_4 start n=1 targets=4
2025-09-04 15:09:49 INFO src distmod_4 start n=1 targets=4
2025-09-04 15:09:49 INFO src distmod_4 start n=1 targets=4
2025-09-04 15:11:15 INFO src [Eval] thr=0.840, hidden=19, k=5, MRE=0.474852
2025-09-04 15:11:15 INFO src [Eval] thr=0.840, hidden=19, k=5, MRE=0.860033
2025-09-04 15:11:15 INFO src [Eval] thr=0.840, hidden=19, k=5, MRE=0.562886
2025-09-04 15:11:15 INFO src [Eval] thr=0.840, hidden=19, k=5, MRE=0.031221
2025-09-04 15:11:15 INFO src 
2025-09-04 15:11:15 INFO src distmod_4 done in 85.514s
2025-09-04 15:11:15 INFO src distmod_4 start n=1 targets=4
2025-09-04 15:11:17 INFO src [Eval] thr=0.349, hidden=56, k=6, MRE=0.628415
2025-09-04 15:11:17 INFO src [Eval] thr=0.349, hidden=56, k=8, MRE=0.302321
2025-09-04 15:11:17 INFO src [Eval] thr=0.349, hidden=56, k=6, MRE=0.699750
2025-09-04 15:11:17 INFO src [Eval] thr=0.349, hidden=56, k=5, MRE=0.018281
2025-09-04 15:11:17 INFO src 
2025-09-04 15:11:17 INFO src distmod_4 done in 87.608s
2025-09-04 15:11:31 INFO src [Eval] thr=0.795, hidden=104, k=5, MRE=0.467355
2025-09-04 15:11:31 INFO src [Eval] thr=0.795, hidden=104, k=5, MRE=1.358203
2025-09-04 15:11:31 INFO src [Eval] thr=0.795, hidden=104, k=5, MRE=0.610378
2025-09-04 15:11:31 INFO src [Eval] thr=0.795, hidden=104, k=5, MRE=0.039132
2025-09-04 15:11:31 INFO src 
2025-09-04 15:11:31 INFO src distmod_4 done in 101.706s
2025-09-04 15:11:43 INFO src [Eval] thr=0.053, hidden=163, k=35, MRE=0.413275
2025-09-04 15:11:43 INFO src [Eval] thr=0.053, hidden=163, k=36, MRE=0.093071
2025-09-04 15:11:43 INFO src [Eval] thr=0.053, hidden=163, k=35, MRE=0.773017
2025-09-04 15:11:43 INFO src [Eval] thr=0.053, hidden=163, k=34, MRE=0.009323
2025-09-04 15:11:43 INFO src 
2025-09-04 15:11:43 INFO src distmod_4 done in 113.342s
2025-09-04 15:12:35 INFO src [Eval] thr=0.509, hidden=86, k=5, MRE=0.613929
2025-09-04 15:12:35 INFO src [Eval] thr=0.509, hidden=86, k=5, MRE=1.315269
2025-09-04 15:12:35 INFO src [Eval] thr=0.509, hidden=86, k=5, MRE=0.602795
2025-09-04 15:12:35 INFO src [Eval] thr=0.509, hidden=86, k=5, MRE=0.039716
2025-09-04 15:12:35 INFO src 
2025-09-04 15:12:35 INFO src distmod_4 done in 79.942s
2025-09-04 15:12:35 DEBUG src ref_model_zero called batch=1 splits=4
2025-09-04 15:12:35 DEBUG src ref_model_zero called batch=1 splits=4
2025-09-04 15:12:35 DEBUG src ref_model_zero called batch=1 splits=4
2025-09-04 15:12:35 DEBUG src ref_model_zero called batch=1 splits=4
2025-09-04 15:12:35 DEBUG src ref_model_zero called batch=1 splits=4
2025-09-04 15:12:37 INFO src iter=20 evals_total=105 best_current=[0.174976,0.061533,0.175419,0.000959] dt_iter=181.396s dt_total=3801.148s
2025-09-04 15:12:37 INFO src optimizer_vpbo done total_evals=105 total_time=3801.150s
human health - total thr 0.115 hidden 64 MRE 0.17497553262573828
ecosystem quality - total thr 0.051 hidden 61 MRE 0.06153304979034109
resources - total thr 0.007 hidden 14 MRE 0.17541930694831517
Cost thr 0.007 hidden 14 MRE 0.0009590915948563529
Exception ignored in: <function ResourceTracker.__del__ at 0x7f56190feac0>
Traceback (most recent call last):
  File "/opt/conda/lib/python3.12/multiprocessing/resource_tracker.py", line 77, in __del__
  File "/opt/conda/lib/python3.12/multiprocessing/resource_tracker.py", line 86, in _stop
  File "/opt/conda/lib/python3.12/multiprocessing/resource_tracker.py", line 111, in _stop_locked
ChildProcessError: [Errno 10] No child processes
Exception ignored in: <function ResourceTracker.__del__ at 0x7fe600ebaac0>
Traceback (most recent call last):
  File "/opt/conda/lib/python3.12/multiprocessing/resource_tracker.py", line 77, in __del__
  File "/opt/conda/lib/python3.12/multiprocessing/resource_tracker.py", line 86, in _stop
  File "/opt/conda/lib/python3.12/multiprocessing/resource_tracker.py", line 111, in _stop_locked
ChildProcessError: [Errno 10] No child processes
Exception ignored in: <function ResourceTracker.__del__ at 0x7fe59252aac0>
Traceback (most recent call last):
  File "/opt/conda/lib/python3.12/multiprocessing/resource_tracker.py", line 77, in __del__
  File "/opt/conda/lib/python3.12/multiprocessing/resource_tracker.py", line 86, in _stop
  File "/opt/conda/lib/python3.12/multiprocessing/resource_tracker.py", line 111, in _stop_locked
ChildProcessError: [Errno 10] No child processes
Exception ignored in: <function ResourceTracker.__del__ at 0x7f17c630aac0>
Traceback (most recent call last):
  File "/opt/conda/lib/python3.12/multiprocessing/resource_tracker.py", line 77, in __del__
  File "/opt/conda/lib/python3.12/multiprocessing/resource_tracker.py", line 86, in _stop
  File "/opt/conda/lib/python3.12/multiprocessing/resource_tracker.py", line 111, in _stop_locked
ChildProcessError: [Errno 10] No child processes