2025-09-04 11:43:08 INFO __main__ boot
2025-09-04 11:43:08 INFO src optimizer_vpbo start trials=1 splits=4 dim=2
2025-09-04 11:43:08 DEBUG src random seed for splits created shape=(4, 2)
2025-09-04 11:46:31 INFO src initial eval done n=5
2025-09-04 11:46:31 DEBUG src ref_model_zero called batch=1 splits=4
2025-09-04 11:46:31 DEBUG src ref_model_zero called batch=1 splits=4
2025-09-04 11:46:31 DEBUG src ref_model_zero called batch=1 splits=4
2025-09-04 11:46:31 DEBUG src ref_model_zero called batch=1 splits=4
2025-09-04 11:46:31 DEBUG src ref_model_zero called batch=1 splits=4
2025-09-04 11:46:31 INFO src GP models initialized count=4
2025-09-04 11:46:31 DEBUG src restarts per split=8
2025-09-04 11:46:31 DEBUG src LCB_AF value=0.404727 mu=0.470000 std=0.130545 yref=0.000000
2025-09-04 11:46:31 DEBUG src LCB_AF value=0.404727 mu=0.470000 std=0.130545 yref=0.000000
2025-09-04 11:46:31 DEBUG src LCB_AF value=0.404727 mu=0.470000 std=0.130545 yref=0.000000
2025-09-04 11:46:31 DEBUG src LCB_AF value=0.404727 mu=0.470000 std=0.130545 yref=0.000000
2025-09-04 11:46:31 DEBUG src LCB_AF value=0.404727 mu=0.470000 std=0.130545 yref=0.000000
2025-09-04 11:46:31 DEBUG src LCB_AF value=0.404727 mu=0.470000 std=0.130545 yref=0.000000
2025-09-04 11:46:31 DEBUG src LCB_AF value=0.404727 mu=0.470000 std=0.130545 yref=0.000000
2025-09-04 11:46:31 DEBUG src LCB_AF value=0.404727 mu=0.470000 std=0.130545 yref=0.000000
2025-09-04 11:46:31 DEBUG src LCB_AF value=0.404727 mu=0.470000 std=0.130545 yref=0.000000
2025-09-04 11:46:31 DEBUG src LCB_AF value=0.404727 mu=0.470000 std=0.130545 yref=0.000000
2025-09-04 11:46:31 DEBUG src LCB_AF value=0.404727 mu=0.470000 std=0.130545 yref=0.000000
2025-09-04 11:46:31 DEBUG src LCB_AF value=0.404727 mu=0.470000 std=0.130545 yref=0.000000
2025-09-04 11:46:31 DEBUG src LCB_AF value=0.404727 mu=0.470000 std=0.130545 yref=0.000000
2025-09-04 11:46:31 DEBUG src LCB_AF value=0.404727 mu=0.470000 std=0.130545 yref=0.000000
2025-09-04 11:46:31 DEBUG src LCB_AF value=0.404727 mu=0.470000 std=0.130545 yref=0.000000
2025-09-04 11:46:31 DEBUG src LCB_AF value=0.404727 mu=0.470000 std=0.130545 yref=0.000000
2025-09-04 11:46:31 DEBUG src LCB_AF value=0.404727 mu=0.470000 std=0.130545 yref=0.000000
2025-09-04 11:46:31 DEBUG src LCB_AF value=0.404727 mu=0.470000 std=0.130545 yref=0.000000
2025-09-04 11:46:31 DEBUG src LCB_AF value=0.404727 mu=0.470000 std=0.130545 yref=0.000000
2025-09-04 11:46:31 DEBUG src LCB_AF value=0.404727 mu=0.470000 std=0.130545 yref=0.000000
2025-09-04 11:46:31 DEBUG src LCB_AF value=0.404727 mu=0.470000 std=0.130545 yref=0.000000
2025-09-04 11:46:31 DEBUG src LCB_AF value=0.404727 mu=0.470000 std=0.130545 yref=0.000000
2025-09-04 11:46:31 DEBUG src LCB_AF value=0.404727 mu=0.470000 std=0.130545 yref=0.000000
2025-09-04 11:46:31 DEBUG src LCB_AF value=0.404727 mu=0.470000 std=0.130545 yref=0.000000
2025-09-04 11:46:31 DEBUG src LCB_AF value=0.504387 mu=0.670008 std=0.331241 yref=0.000000
2025-09-04 11:46:31 DEBUG src LCB_AF value=0.504387 mu=0.670008 std=0.331241 yref=0.000000
2025-09-04 11:46:31 DEBUG src LCB_AF value=0.504387 mu=0.670008 std=0.331241 yref=0.000000
2025-09-04 11:46:31 DEBUG src LCB_AF value=0.504387 mu=0.670008 std=0.331241 yref=0.000000
2025-09-04 11:46:31 DEBUG src LCB_AF value=0.504387 mu=0.670008 std=0.331241 yref=0.000000
2025-09-04 11:46:31 DEBUG src LCB_AF value=0.504387 mu=0.670008 std=0.331241 yref=0.000000
2025-09-04 11:46:31 DEBUG src LCB_AF value=0.504387 mu=0.670008 std=0.331241 yref=0.000000
2025-09-04 11:46:31 DEBUG src LCB_AF value=0.504387 mu=0.670008 std=0.331241 yref=0.000000
2025-09-04 11:46:31 DEBUG src LCB_AF value=0.504387 mu=0.670008 std=0.331241 yref=0.000000
2025-09-04 11:46:31 DEBUG src LCB_AF value=0.504387 mu=0.670008 std=0.331241 yref=0.000000
2025-09-04 11:46:31 DEBUG src LCB_AF value=0.504387 mu=0.670008 std=0.331241 yref=0.000000
2025-09-04 11:46:31 DEBUG src LCB_AF value=0.504387 mu=0.670008 std=0.331241 yref=0.000000
2025-09-04 11:46:31 DEBUG src LCB_AF value=0.504387 mu=0.670008 std=0.331241 yref=0.000000
2025-09-04 11:46:31 DEBUG src LCB_AF value=0.504387 mu=0.670008 std=0.331241 yref=0.000000
2025-09-04 11:46:31 DEBUG src LCB_AF value=0.504387 mu=0.670008 std=0.331241 yref=0.000000
2025-09-04 11:46:31 DEBUG src LCB_AF value=0.504387 mu=0.670008 std=0.331241 yref=0.000000
2025-09-04 11:46:31 DEBUG src LCB_AF value=0.504387 mu=0.670008 std=0.331241 yref=0.000000
2025-09-04 11:46:31 DEBUG src LCB_AF value=0.504387 mu=0.670008 std=0.331241 yref=0.000000
2025-09-04 11:46:31 DEBUG src LCB_AF value=0.504387 mu=0.670008 std=0.331241 yref=0.000000
2025-09-04 11:46:31 DEBUG src LCB_AF value=0.504387 mu=0.670008 std=0.331241 yref=0.000000
2025-09-04 11:46:31 DEBUG src LCB_AF value=0.504387 mu=0.670008 std=0.331241 yref=0.000000
2025-09-04 11:46:31 DEBUG src LCB_AF value=0.504387 mu=0.670008 std=0.331241 yref=0.000000
2025-09-04 11:46:31 DEBUG src LCB_AF value=0.504387 mu=0.670008 std=0.331241 yref=0.000000
2025-09-04 11:46:31 DEBUG src LCB_AF value=0.504387 mu=0.670008 std=0.331241 yref=0.000000
2025-09-04 11:46:31 DEBUG src LCB_AF value=0.545763 mu=0.672838 std=0.254150 yref=0.000000
2025-09-04 11:46:31 DEBUG src LCB_AF value=0.545763 mu=0.672838 std=0.254150 yref=0.000000
2025-09-04 11:46:31 DEBUG src LCB_AF value=0.545763 mu=0.672838 std=0.254150 yref=0.000000
2025-09-04 11:46:31 DEBUG src LCB_AF value=0.545763 mu=0.672838 std=0.254150 yref=0.000000
2025-09-04 11:46:31 DEBUG src LCB_AF value=0.545763 mu=0.672838 std=0.254150 yref=0.000000
2025-09-04 11:46:31 DEBUG src LCB_AF value=0.545763 mu=0.672838 std=0.254150 yref=0.000000
2025-09-04 11:46:31 DEBUG src LCB_AF value=0.545763 mu=0.672838 std=0.254150 yref=0.000000
2025-09-04 11:46:31 DEBUG src LCB_AF value=0.545763 mu=0.672838 std=0.254150 yref=0.000000
2025-09-04 11:46:31 DEBUG src LCB_AF value=0.545763 mu=0.672838 std=0.254150 yref=0.000000
2025-09-04 11:46:31 DEBUG src LCB_AF value=0.545763 mu=0.672838 std=0.254150 yref=0.000000
2025-09-04 11:46:31 DEBUG src LCB_AF value=0.545763 mu=0.672838 std=0.254150 yref=0.000000
2025-09-04 11:46:31 DEBUG src LCB_AF value=0.545763 mu=0.672838 std=0.254150 yref=0.000000
2025-09-04 11:46:31 DEBUG src LCB_AF value=0.545763 mu=0.672838 std=0.254150 yref=0.000000
2025-09-04 11:46:31 DEBUG src LCB_AF value=0.545763 mu=0.672838 std=0.254150 yref=0.000000
2025-09-04 11:46:31 DEBUG src LCB_AF value=0.545763 mu=0.672838 std=0.254150 yref=0.000000
2025-09-04 11:46:31 DEBUG src LCB_AF value=0.545763 mu=0.672838 std=0.254150 yref=0.000000
2025-09-04 11:46:31 DEBUG src LCB_AF value=0.545763 mu=0.672838 std=0.254150 yref=0.000000
2025-09-04 11:46:31 DEBUG src LCB_AF value=0.545763 mu=0.672838 std=0.254150 yref=0.000000
2025-09-04 11:46:31 DEBUG src LCB_AF value=0.545763 mu=0.672838 std=0.254150 yref=0.000000
2025-09-04 11:46:31 DEBUG src LCB_AF value=0.545763 mu=0.672838 std=0.254150 yref=0.000000
2025-09-04 11:46:31 DEBUG src LCB_AF value=0.545763 mu=0.672838 std=0.254150 yref=0.000000
2025-09-04 11:46:31 DEBUG src LCB_AF value=0.545763 mu=0.672838 std=0.254150 yref=0.000000
2025-09-04 11:46:31 DEBUG src LCB_AF value=0.545763 mu=0.672838 std=0.254150 yref=0.000000
2025-09-04 11:46:31 DEBUG src LCB_AF value=0.545763 mu=0.672838 std=0.254150 yref=0.000000
2025-09-04 11:46:31 DEBUG src LCB_AF value=0.018303 mu=0.023034 std=0.009462 yref=0.000000
2025-09-04 11:46:31 DEBUG src LCB_AF value=0.018303 mu=0.023034 std=0.009462 yref=0.000000
2025-09-04 11:46:31 DEBUG src LCB_AF value=0.018303 mu=0.023034 std=0.009462 yref=0.000000
2025-09-04 11:46:31 DEBUG src LCB_AF value=0.018303 mu=0.023034 std=0.009462 yref=0.000000
2025-09-04 11:46:31 DEBUG src LCB_AF value=0.018303 mu=0.023034 std=0.009462 yref=0.000000
2025-09-04 11:46:31 DEBUG src LCB_AF value=0.018303 mu=0.023034 std=0.009462 yref=0.000000
2025-09-04 11:46:31 DEBUG src LCB_AF value=0.018303 mu=0.023034 std=0.009462 yref=0.000000
2025-09-04 11:46:31 DEBUG src LCB_AF value=0.018303 mu=0.023034 std=0.009462 yref=0.000000
2025-09-04 11:46:31 DEBUG src LCB_AF value=0.018303 mu=0.023034 std=0.009462 yref=0.000000
2025-09-04 11:46:31 DEBUG src LCB_AF value=0.018303 mu=0.023034 std=0.009462 yref=0.000000
2025-09-04 11:46:31 DEBUG src LCB_AF value=0.018303 mu=0.023034 std=0.009462 yref=0.000000
2025-09-04 11:46:31 DEBUG src LCB_AF value=0.018303 mu=0.023034 std=0.009462 yref=0.000000
2025-09-04 11:46:31 DEBUG src LCB_AF value=0.018303 mu=0.023034 std=0.009462 yref=0.000000
2025-09-04 11:46:31 DEBUG src LCB_AF value=0.018303 mu=0.023034 std=0.009462 yref=0.000000
2025-09-04 11:46:31 DEBUG src LCB_AF value=0.018303 mu=0.023034 std=0.009462 yref=0.000000
2025-09-04 11:46:31 DEBUG src LCB_AF value=0.018303 mu=0.023034 std=0.009462 yref=0.000000
2025-09-04 11:46:31 DEBUG src LCB_AF value=0.018303 mu=0.023034 std=0.009462 yref=0.000000
2025-09-04 11:46:31 DEBUG src LCB_AF value=0.018303 mu=0.023034 std=0.009462 yref=0.000000
2025-09-04 11:46:31 DEBUG src LCB_AF value=0.018303 mu=0.023034 std=0.009462 yref=0.000000
2025-09-04 11:46:31 DEBUG src LCB_AF value=0.018303 mu=0.023034 std=0.009462 yref=0.000000
2025-09-04 11:46:31 DEBUG src LCB_AF value=0.018303 mu=0.023034 std=0.009462 yref=0.000000
2025-09-04 11:46:31 DEBUG src LCB_AF value=0.018303 mu=0.023034 std=0.009462 yref=0.000000
2025-09-04 11:46:31 DEBUG src LCB_AF value=0.018303 mu=0.023034 std=0.009462 yref=0.000000
2025-09-04 11:46:31 DEBUG src LCB_AF value=0.018303 mu=0.023034 std=0.009462 yref=0.000000
2025-09-04 11:49:20 DEBUG src ref_model_zero called batch=1 splits=4
2025-09-04 11:49:20 DEBUG src ref_model_zero called batch=1 splits=4
2025-09-04 11:49:20 DEBUG src ref_model_zero called batch=1 splits=4
2025-09-04 11:49:20 DEBUG src ref_model_zero called batch=1 splits=4
2025-09-04 11:49:20 DEBUG src ref_model_zero called batch=1 splits=4
2025-09-04 11:49:20 INFO src iter=1 evals_total=10 best_current=[0.24664 ,0.197064,0.313138,0.011472] dt_iter=168.984s dt_total=372.448s
2025-09-04 11:49:20 INFO src optimizer_vpbo done total_evals=10 total_time=372.450s
2025-09-04 13:26:10 INFO src optimizer_vpbo start trials=1 splits=4 dim=2
2025-09-04 13:26:10 DEBUG src random seed for splits created shape=(4, 2)
2025-09-04 13:26:10 INFO src distmod_4 start n=1 targets=4
2025-09-04 13:26:38 INFO src [Eval] thr=0.397, hidden=49, k=6, MRE=0.786197
2025-09-04 13:26:38 INFO src [Eval] thr=0.397, hidden=49, k=6, MRE=1.865082
2025-09-04 13:26:38 INFO src [Eval] thr=0.397, hidden=49, k=6, MRE=0.627334
2025-09-04 13:26:38 INFO src [Eval] thr=0.397, hidden=49, k=5, MRE=0.031891
2025-09-04 13:26:38 INFO src 
2025-09-04 13:26:38 INFO src distmod_4 done in 28.598s
2025-09-04 13:26:38 INFO src distmod_4 start n=1 targets=4
2025-09-04 13:27:07 INFO src [Eval] thr=0.657, hidden=91, k=5, MRE=0.495459
2025-09-04 13:27:07 INFO src [Eval] thr=0.657, hidden=91, k=5, MRE=1.191383
2025-09-04 13:27:07 INFO src [Eval] thr=0.657, hidden=91, k=5, MRE=0.674006
2025-09-04 13:27:07 INFO src [Eval] thr=0.657, hidden=91, k=5, MRE=0.014290
2025-09-04 13:27:07 INFO src 
2025-09-04 13:27:07 INFO src distmod_4 done in 28.758s
2025-09-04 13:27:07 INFO src distmod_4 start n=1 targets=4
2025-09-04 13:27:36 INFO src [Eval] thr=0.894, hidden=61, k=5, MRE=0.576752
2025-09-04 13:27:36 INFO src [Eval] thr=0.894, hidden=61, k=5, MRE=1.298498
2025-09-04 13:27:36 INFO src [Eval] thr=0.894, hidden=61, k=5, MRE=0.571742
2025-09-04 13:27:36 INFO src [Eval] thr=0.894, hidden=61, k=5, MRE=0.019927
2025-09-04 13:27:36 INFO src 
2025-09-04 13:27:36 INFO src distmod_4 done in 28.450s
2025-09-04 13:27:36 INFO src distmod_4 start n=1 targets=4
2025-09-04 13:27:54 INFO src [Eval] thr=0.030, hidden=163, k=36, MRE=0.342873
2025-09-04 13:27:54 INFO src [Eval] thr=0.030, hidden=163, k=36, MRE=0.093071
2025-09-04 13:27:54 INFO src [Eval] thr=0.030, hidden=163, k=36, MRE=0.532100
2025-09-04 13:27:54 INFO src [Eval] thr=0.030, hidden=163, k=36, MRE=0.002628
2025-09-04 13:27:54 INFO src 
2025-09-04 13:27:54 INFO src distmod_4 done in 18.413s
2025-09-04 13:27:54 INFO src distmod_4 start n=1 targets=4
2025-09-04 13:28:09 INFO src [Eval] thr=0.500, hidden=105, k=5, MRE=0.496314
2025-09-04 13:28:09 INFO src [Eval] thr=0.500, hidden=105, k=5, MRE=0.821062
2025-09-04 13:28:09 INFO src [Eval] thr=0.500, hidden=105, k=5, MRE=1.136222
2025-09-04 13:28:09 INFO src [Eval] thr=0.500, hidden=105, k=5, MRE=0.020341
2025-09-04 13:28:09 INFO src 
2025-09-04 13:28:09 INFO src distmod_4 done in 14.679s
2025-09-04 13:28:09 INFO src initial eval done n=5
2025-09-04 13:28:09 DEBUG src ref_model_zero called batch=1 splits=4
2025-09-04 13:28:09 DEBUG src ref_model_zero called batch=1 splits=4
2025-09-04 13:28:09 DEBUG src ref_model_zero called batch=1 splits=4
2025-09-04 13:28:09 DEBUG src ref_model_zero called batch=1 splits=4
2025-09-04 13:28:09 DEBUG src ref_model_zero called batch=1 splits=4
2025-09-04 13:28:09 INFO src GP models initialized count=4
2025-09-04 13:28:09 DEBUG src restarts per split=8
2025-09-04 13:28:24 INFO src distmod_4 start n=1 targets=4
2025-09-04 13:28:54 INFO src [Eval] thr=0.416, hidden=57, k=6, MRE=0.501280
2025-09-04 13:28:54 INFO src [Eval] thr=0.416, hidden=57, k=6, MRE=1.289557
2025-09-04 13:28:54 INFO src [Eval] thr=0.416, hidden=57, k=6, MRE=0.726290
2025-09-04 13:28:54 INFO src [Eval] thr=0.416, hidden=57, k=5, MRE=0.018719
2025-09-04 13:28:54 INFO src 
2025-09-04 13:28:54 INFO src distmod_4 done in 29.563s
2025-09-04 13:28:54 INFO src distmod_4 start n=1 targets=4
2025-09-04 13:29:25 INFO src [Eval] thr=0.975, hidden=199, k=5, MRE=0.809687
2025-09-04 13:29:25 INFO src [Eval] thr=0.975, hidden=199, k=5, MRE=0.798095
2025-09-04 13:29:25 INFO src [Eval] thr=0.975, hidden=199, k=5, MRE=0.990389
2025-09-04 13:29:25 INFO src [Eval] thr=0.975, hidden=199, k=5, MRE=0.019196
2025-09-04 13:29:25 INFO src 
2025-09-04 13:29:25 INFO src distmod_4 done in 30.480s
2025-09-04 13:29:25 INFO src distmod_4 start n=1 targets=4
2025-09-04 13:29:55 INFO src [Eval] thr=0.036, hidden=78, k=36, MRE=0.389824
2025-09-04 13:29:55 INFO src [Eval] thr=0.036, hidden=78, k=36, MRE=0.367923
2025-09-04 13:29:55 INFO src [Eval] thr=0.036, hidden=78, k=36, MRE=1.040444
2025-09-04 13:29:55 INFO src [Eval] thr=0.036, hidden=78, k=36, MRE=0.007658
2025-09-04 13:29:55 INFO src 
2025-09-04 13:29:55 INFO src distmod_4 done in 30.156s
2025-09-04 13:29:55 INFO src distmod_4 start n=1 targets=4
2025-09-04 13:30:13 INFO src [Eval] thr=0.002, hidden=162, k=36, MRE=0.173754
2025-09-04 13:30:13 INFO src [Eval] thr=0.002, hidden=162, k=36, MRE=0.075499
2025-09-04 13:30:13 INFO src [Eval] thr=0.002, hidden=162, k=36, MRE=0.288564
2025-09-04 13:30:13 INFO src [Eval] thr=0.002, hidden=162, k=36, MRE=0.005068
2025-09-04 13:30:13 INFO src 
2025-09-04 13:30:13 INFO src distmod_4 done in 18.268s
2025-09-04 13:30:13 INFO src distmod_4 start n=1 targets=4
2025-09-04 13:30:28 INFO src [Eval] thr=0.357, hidden=124, k=6, MRE=1.091429
2025-09-04 13:30:28 INFO src [Eval] thr=0.357, hidden=124, k=6, MRE=1.088538
2025-09-04 13:30:28 INFO src [Eval] thr=0.357, hidden=124, k=6, MRE=0.672861
2025-09-04 13:30:28 INFO src [Eval] thr=0.357, hidden=124, k=5, MRE=0.018149
2025-09-04 13:30:28 INFO src 
2025-09-04 13:30:28 INFO src distmod_4 done in 15.292s
2025-09-04 13:30:28 DEBUG src ref_model_zero called batch=1 splits=4
2025-09-04 13:30:28 DEBUG src ref_model_zero called batch=1 splits=4
2025-09-04 13:30:28 DEBUG src ref_model_zero called batch=1 splits=4
2025-09-04 13:30:28 DEBUG src ref_model_zero called batch=1 splits=4
2025-09-04 13:30:28 DEBUG src ref_model_zero called batch=1 splits=4
2025-09-04 13:30:28 INFO src iter=1 evals_total=10 best_current=[0.173754,0.075499,0.288564,0.002628] dt_iter=139.589s dt_total=258.612s
2025-09-04 13:30:28 INFO src optimizer_vpbo done total_evals=10 total_time=258.613s
2025-09-04 13:31:30 INFO src optimizer_vpbo start trials=10 splits=4 dim=2
2025-09-04 13:31:30 DEBUG src random seed for splits created shape=(4, 2)
2025-09-04 13:34:43 INFO src initial eval done n=5
2025-09-04 13:34:43 DEBUG src ref_model_zero called batch=1 splits=4
2025-09-04 13:34:43 DEBUG src ref_model_zero called batch=1 splits=4
2025-09-04 13:34:43 DEBUG src ref_model_zero called batch=1 splits=4
2025-09-04 13:34:43 DEBUG src ref_model_zero called batch=1 splits=4
2025-09-04 13:34:43 DEBUG src ref_model_zero called batch=1 splits=4
2025-09-04 13:34:43 INFO src GP models initialized count=4
2025-09-04 13:34:43 DEBUG src restarts per split=8
2025-09-04 13:37:34 DEBUG src ref_model_zero called batch=1 splits=4
2025-09-04 13:37:34 DEBUG src ref_model_zero called batch=1 splits=4
2025-09-04 13:37:34 DEBUG src ref_model_zero called batch=1 splits=4
2025-09-04 13:37:34 DEBUG src ref_model_zero called batch=1 splits=4
2025-09-04 13:37:34 DEBUG src ref_model_zero called batch=1 splits=4
2025-09-04 13:37:34 INFO src iter=1 evals_total=10 best_current=[0.150095,0.103343,0.234735,0.002815] dt_iter=170.606s dt_total=363.580s
2025-09-04 13:40:20 DEBUG src ref_model_zero called batch=1 splits=4
2025-09-04 13:40:20 DEBUG src ref_model_zero called batch=1 splits=4
2025-09-04 13:40:20 DEBUG src ref_model_zero called batch=1 splits=4
2025-09-04 13:40:20 DEBUG src ref_model_zero called batch=1 splits=4
2025-09-04 13:40:20 DEBUG src ref_model_zero called batch=1 splits=4
2025-09-04 13:40:20 INFO src iter=2 evals_total=15 best_current=[0.150095,0.103343,0.234735,0.002815] dt_iter=165.851s dt_total=529.432s
2025-09-04 13:43:22 DEBUG src ref_model_zero called batch=1 splits=4
2025-09-04 13:43:22 DEBUG src ref_model_zero called batch=1 splits=4
2025-09-04 13:43:22 DEBUG src ref_model_zero called batch=1 splits=4
2025-09-04 13:43:22 DEBUG src ref_model_zero called batch=1 splits=4
2025-09-04 13:43:22 DEBUG src ref_model_zero called batch=1 splits=4
2025-09-04 13:43:22 INFO src iter=3 evals_total=20 best_current=[0.150095,0.062449,0.234735,0.002815] dt_iter=182.608s dt_total=712.041s
2025-09-04 13:46:02 DEBUG src ref_model_zero called batch=1 splits=4
2025-09-04 13:46:02 DEBUG src ref_model_zero called batch=1 splits=4
2025-09-04 13:46:02 DEBUG src ref_model_zero called batch=1 splits=4
2025-09-04 13:46:02 DEBUG src ref_model_zero called batch=1 splits=4
2025-09-04 13:46:02 DEBUG src ref_model_zero called batch=1 splits=4
2025-09-04 13:46:03 INFO src iter=4 evals_total=25 best_current=[0.150095,0.062449,0.234735,0.002815] dt_iter=160.487s dt_total=872.529s
2025-09-04 13:48:50 DEBUG src ref_model_zero called batch=1 splits=4
2025-09-04 13:48:50 DEBUG src ref_model_zero called batch=1 splits=4
2025-09-04 13:48:50 DEBUG src ref_model_zero called batch=1 splits=4
2025-09-04 13:48:50 DEBUG src ref_model_zero called batch=1 splits=4
2025-09-04 13:48:50 DEBUG src ref_model_zero called batch=1 splits=4
2025-09-04 13:48:51 INFO src iter=5 evals_total=30 best_current=[0.150095,0.062449,0.234735,0.002815] dt_iter=167.795s dt_total=1040.325s
2025-09-04 13:51:40 DEBUG src ref_model_zero called batch=1 splits=4
2025-09-04 13:51:40 DEBUG src ref_model_zero called batch=1 splits=4
2025-09-04 13:51:40 DEBUG src ref_model_zero called batch=1 splits=4
2025-09-04 13:51:40 DEBUG src ref_model_zero called batch=1 splits=4
2025-09-04 13:51:40 DEBUG src ref_model_zero called batch=1 splits=4
2025-09-04 13:51:41 INFO src iter=6 evals_total=35 best_current=[0.150095,0.062449,0.234735,0.002815] dt_iter=170.309s dt_total=1210.636s
2025-09-04 13:54:46 DEBUG src ref_model_zero called batch=1 splits=4
2025-09-04 13:54:46 DEBUG src ref_model_zero called batch=1 splits=4
2025-09-04 13:54:46 DEBUG src ref_model_zero called batch=1 splits=4
2025-09-04 13:54:46 DEBUG src ref_model_zero called batch=1 splits=4
2025-09-04 13:54:46 DEBUG src ref_model_zero called batch=1 splits=4
2025-09-04 13:54:46 INFO src iter=7 evals_total=40 best_current=[0.150095,0.062449,0.234735,0.002815] dt_iter=185.412s dt_total=1396.050s
2025-09-04 13:57:45 DEBUG src ref_model_zero called batch=1 splits=4
2025-09-04 13:57:45 DEBUG src ref_model_zero called batch=1 splits=4
2025-09-04 13:57:45 DEBUG src ref_model_zero called batch=1 splits=4
2025-09-04 13:57:45 DEBUG src ref_model_zero called batch=1 splits=4
2025-09-04 13:57:45 DEBUG src ref_model_zero called batch=1 splits=4
2025-09-04 13:57:46 INFO src iter=8 evals_total=45 best_current=[0.150095,0.062449,0.234735,0.002815] dt_iter=179.702s dt_total=1575.813s
2025-09-04 14:00:58 DEBUG src ref_model_zero called batch=1 splits=4
2025-09-04 14:00:58 DEBUG src ref_model_zero called batch=1 splits=4
2025-09-04 14:00:58 DEBUG src ref_model_zero called batch=1 splits=4
2025-09-04 14:00:58 DEBUG src ref_model_zero called batch=1 splits=4
2025-09-04 14:00:58 DEBUG src ref_model_zero called batch=1 splits=4
2025-09-04 14:00:59 INFO src iter=9 evals_total=50 best_current=[0.14752 ,0.062449,0.234735,0.002815] dt_iter=192.610s dt_total=1768.426s
2025-09-04 14:03:59 DEBUG src ref_model_zero called batch=1 splits=4
2025-09-04 14:03:59 DEBUG src ref_model_zero called batch=1 splits=4
2025-09-04 14:03:59 DEBUG src ref_model_zero called batch=1 splits=4
2025-09-04 14:03:59 DEBUG src ref_model_zero called batch=1 splits=4
2025-09-04 14:03:59 DEBUG src ref_model_zero called batch=1 splits=4
2025-09-04 14:04:00 INFO src iter=10 evals_total=55 best_current=[0.14752 ,0.062449,0.234735,0.002815] dt_iter=181.404s dt_total=1949.831s
2025-09-04 14:04:00 INFO src optimizer_vpbo done total_evals=55 total_time=1949.833s
2025-09-04 14:09:15 INFO src optimizer_vpbo start trials=20 splits=4 dim=2
2025-09-04 14:09:15 DEBUG src random seed for splits created shape=(4, 2)
2025-09-04 14:12:29 INFO src initial eval done n=5
2025-09-04 14:12:29 DEBUG src ref_model_zero called batch=1 splits=4
2025-09-04 14:12:29 DEBUG src ref_model_zero called batch=1 splits=4
2025-09-04 14:12:29 DEBUG src ref_model_zero called batch=1 splits=4
2025-09-04 14:12:29 DEBUG src ref_model_zero called batch=1 splits=4
2025-09-04 14:12:29 DEBUG src ref_model_zero called batch=1 splits=4
2025-09-04 14:12:30 INFO src GP models initialized count=4
2025-09-04 14:12:30 DEBUG src restarts per split=8
2025-09-04 14:15:36 DEBUG src ref_model_zero called batch=1 splits=4
2025-09-04 14:15:36 DEBUG src ref_model_zero called batch=1 splits=4
2025-09-04 14:15:36 DEBUG src ref_model_zero called batch=1 splits=4
2025-09-04 14:15:36 DEBUG src ref_model_zero called batch=1 splits=4
2025-09-04 14:15:36 DEBUG src ref_model_zero called batch=1 splits=4
2025-09-04 14:15:36 INFO src iter=1 evals_total=10 best_current=[0.223889,0.104388,0.345744,0.009077] dt_iter=186.336s dt_total=380.485s
2025-09-04 14:18:32 DEBUG src ref_model_zero called batch=1 splits=4
2025-09-04 14:18:32 DEBUG src ref_model_zero called batch=1 splits=4
2025-09-04 14:18:32 DEBUG src ref_model_zero called batch=1 splits=4
2025-09-04 14:18:32 DEBUG src ref_model_zero called batch=1 splits=4
2025-09-04 14:18:32 DEBUG src ref_model_zero called batch=1 splits=4
2025-09-04 14:18:32 INFO src iter=2 evals_total=15 best_current=[0.223889,0.075876,0.278285,0.008646] dt_iter=176.184s dt_total=556.670s
2025-09-04 14:21:23 DEBUG src ref_model_zero called batch=1 splits=4
2025-09-04 14:21:23 DEBUG src ref_model_zero called batch=1 splits=4
2025-09-04 14:21:23 DEBUG src ref_model_zero called batch=1 splits=4
2025-09-04 14:21:23 DEBUG src ref_model_zero called batch=1 splits=4
2025-09-04 14:21:23 DEBUG src ref_model_zero called batch=1 splits=4
2025-09-04 14:21:24 INFO src iter=3 evals_total=20 best_current=[0.223889,0.075876,0.278285,0.008646] dt_iter=171.501s dt_total=728.172s
2025-09-04 14:24:15 DEBUG src ref_model_zero called batch=1 splits=4
2025-09-04 14:24:15 DEBUG src ref_model_zero called batch=1 splits=4
2025-09-04 14:24:15 DEBUG src ref_model_zero called batch=1 splits=4
2025-09-04 14:24:15 DEBUG src ref_model_zero called batch=1 splits=4
2025-09-04 14:24:15 DEBUG src ref_model_zero called batch=1 splits=4
2025-09-04 14:24:16 INFO src iter=4 evals_total=25 best_current=[0.175112,0.075876,0.252139,0.004506] dt_iter=171.958s dt_total=900.132s
2025-09-04 14:27:12 DEBUG src ref_model_zero called batch=1 splits=4
2025-09-04 14:27:12 DEBUG src ref_model_zero called batch=1 splits=4
2025-09-04 14:27:12 DEBUG src ref_model_zero called batch=1 splits=4
2025-09-04 14:27:12 DEBUG src ref_model_zero called batch=1 splits=4
2025-09-04 14:27:12 DEBUG src ref_model_zero called batch=1 splits=4
2025-09-04 14:27:13 INFO src iter=5 evals_total=30 best_current=[0.175112,0.075876,0.252139,0.004506] dt_iter=177.207s dt_total=1077.342s
2025-09-04 14:29:58 DEBUG src ref_model_zero called batch=1 splits=4
2025-09-04 14:29:58 DEBUG src ref_model_zero called batch=1 splits=4
2025-09-04 14:29:58 DEBUG src ref_model_zero called batch=1 splits=4
2025-09-04 14:29:58 DEBUG src ref_model_zero called batch=1 splits=4
2025-09-04 14:29:58 DEBUG src ref_model_zero called batch=1 splits=4
2025-09-04 14:29:59 INFO src iter=6 evals_total=35 best_current=[0.175112,0.075876,0.252139,0.004506] dt_iter=166.110s dt_total=1243.453s
2025-09-04 14:32:50 DEBUG src ref_model_zero called batch=1 splits=4
2025-09-04 14:32:50 DEBUG src ref_model_zero called batch=1 splits=4
2025-09-04 14:32:50 DEBUG src ref_model_zero called batch=1 splits=4
2025-09-04 14:32:50 DEBUG src ref_model_zero called batch=1 splits=4
2025-09-04 14:32:50 DEBUG src ref_model_zero called batch=1 splits=4
2025-09-04 14:32:51 INFO src iter=7 evals_total=40 best_current=[0.175112,0.075876,0.252139,0.004506] dt_iter=171.894s dt_total=1415.349s
2025-09-04 14:35:31 DEBUG src ref_model_zero called batch=1 splits=4
2025-09-04 14:35:31 DEBUG src ref_model_zero called batch=1 splits=4
2025-09-04 14:35:31 DEBUG src ref_model_zero called batch=1 splits=4
2025-09-04 14:35:31 DEBUG src ref_model_zero called batch=1 splits=4
2025-09-04 14:35:31 DEBUG src ref_model_zero called batch=1 splits=4
2025-09-04 14:35:31 INFO src iter=8 evals_total=45 best_current=[0.175112,0.075876,0.175419,0.000959] dt_iter=160.688s dt_total=1576.039s
2025-09-04 14:38:36 DEBUG src ref_model_zero called batch=1 splits=4
2025-09-04 14:38:36 DEBUG src ref_model_zero called batch=1 splits=4
2025-09-04 14:38:36 DEBUG src ref_model_zero called batch=1 splits=4
2025-09-04 14:38:36 DEBUG src ref_model_zero called batch=1 splits=4
2025-09-04 14:38:36 DEBUG src ref_model_zero called batch=1 splits=4
2025-09-04 14:38:37 INFO src iter=9 evals_total=50 best_current=[0.175112,0.075876,0.175419,0.000959] dt_iter=185.412s dt_total=1761.452s
2025-09-04 14:41:42 DEBUG src ref_model_zero called batch=1 splits=4
2025-09-04 14:41:42 DEBUG src ref_model_zero called batch=1 splits=4
2025-09-04 14:41:42 DEBUG src ref_model_zero called batch=1 splits=4
2025-09-04 14:41:42 DEBUG src ref_model_zero called batch=1 splits=4
2025-09-04 14:41:42 DEBUG src ref_model_zero called batch=1 splits=4
2025-09-04 14:41:43 INFO src iter=10 evals_total=55 best_current=[0.175112,0.075876,0.175419,0.000959] dt_iter=186.130s dt_total=1947.649s
2025-09-04 14:44:52 DEBUG src ref_model_zero called batch=1 splits=4
2025-09-04 14:44:52 DEBUG src ref_model_zero called batch=1 splits=4
2025-09-04 14:44:52 DEBUG src ref_model_zero called batch=1 splits=4
2025-09-04 14:44:52 DEBUG src ref_model_zero called batch=1 splits=4
2025-09-04 14:44:52 DEBUG src ref_model_zero called batch=1 splits=4
2025-09-04 14:44:53 INFO src iter=11 evals_total=60 best_current=[0.175112,0.075876,0.175419,0.000959] dt_iter=190.069s dt_total=2137.721s
2025-09-04 14:48:03 DEBUG src ref_model_zero called batch=1 splits=4
2025-09-04 14:48:03 DEBUG src ref_model_zero called batch=1 splits=4
2025-09-04 14:48:03 DEBUG src ref_model_zero called batch=1 splits=4
2025-09-04 14:48:03 DEBUG src ref_model_zero called batch=1 splits=4
2025-09-04 14:48:03 DEBUG src ref_model_zero called batch=1 splits=4
2025-09-04 14:48:04 INFO src iter=12 evals_total=65 best_current=[0.175112,0.075876,0.175419,0.000959] dt_iter=191.130s dt_total=2328.853s
2025-09-04 14:51:32 DEBUG src ref_model_zero called batch=1 splits=4
2025-09-04 14:51:32 DEBUG src ref_model_zero called batch=1 splits=4
2025-09-04 14:51:32 DEBUG src ref_model_zero called batch=1 splits=4
2025-09-04 14:51:32 DEBUG src ref_model_zero called batch=1 splits=4
2025-09-04 14:51:32 DEBUG src ref_model_zero called batch=1 splits=4
2025-09-04 14:51:33 INFO src iter=13 evals_total=70 best_current=[0.175112,0.075876,0.175419,0.000959] dt_iter=208.906s dt_total=2537.826s
2025-09-04 14:54:34 DEBUG src ref_model_zero called batch=1 splits=4
2025-09-04 14:54:34 DEBUG src ref_model_zero called batch=1 splits=4
2025-09-04 14:54:34 DEBUG src ref_model_zero called batch=1 splits=4
2025-09-04 14:54:34 DEBUG src ref_model_zero called batch=1 splits=4
2025-09-04 14:54:34 DEBUG src ref_model_zero called batch=1 splits=4
2025-09-04 14:54:35 INFO src iter=14 evals_total=75 best_current=[0.175112,0.061533,0.175419,0.000959] dt_iter=181.801s dt_total=2719.628s
2025-09-04 14:57:26 DEBUG src ref_model_zero called batch=1 splits=4
2025-09-04 14:57:26 DEBUG src ref_model_zero called batch=1 splits=4
2025-09-04 14:57:26 DEBUG src ref_model_zero called batch=1 splits=4
2025-09-04 14:57:26 DEBUG src ref_model_zero called batch=1 splits=4
2025-09-04 14:57:26 DEBUG src ref_model_zero called batch=1 splits=4
2025-09-04 14:57:27 INFO src iter=15 evals_total=80 best_current=[0.175112,0.061533,0.175419,0.000959] dt_iter=171.712s dt_total=2891.343s
2025-09-04 15:00:22 DEBUG src ref_model_zero called batch=1 splits=4
2025-09-04 15:00:22 DEBUG src ref_model_zero called batch=1 splits=4
2025-09-04 15:00:22 DEBUG src ref_model_zero called batch=1 splits=4
2025-09-04 15:00:22 DEBUG src ref_model_zero called batch=1 splits=4
2025-09-04 15:00:22 DEBUG src ref_model_zero called batch=1 splits=4
2025-09-04 15:00:22 INFO src iter=16 evals_total=85 best_current=[0.175112,0.061533,0.175419,0.000959] dt_iter=175.713s dt_total=3067.059s
2025-09-04 15:03:41 DEBUG src ref_model_zero called batch=1 splits=4
2025-09-04 15:03:41 DEBUG src ref_model_zero called batch=1 splits=4
2025-09-04 15:03:41 DEBUG src ref_model_zero called batch=1 splits=4
2025-09-04 15:03:41 DEBUG src ref_model_zero called batch=1 splits=4
2025-09-04 15:03:41 DEBUG src ref_model_zero called batch=1 splits=4
2025-09-04 15:03:42 INFO src iter=17 evals_total=90 best_current=[0.175112,0.061533,0.175419,0.000959] dt_iter=199.384s dt_total=3266.446s
2025-09-04 15:06:30 DEBUG src ref_model_zero called batch=1 splits=4
2025-09-04 15:06:30 DEBUG src ref_model_zero called batch=1 splits=4
2025-09-04 15:06:30 DEBUG src ref_model_zero called batch=1 splits=4
2025-09-04 15:06:30 DEBUG src ref_model_zero called batch=1 splits=4
2025-09-04 15:06:30 DEBUG src ref_model_zero called batch=1 splits=4
2025-09-04 15:06:32 INFO src iter=18 evals_total=95 best_current=[0.175112,0.061533,0.175419,0.000959] dt_iter=169.703s dt_total=3436.151s
2025-09-04 15:09:34 DEBUG src ref_model_zero called batch=1 splits=4
2025-09-04 15:09:34 DEBUG src ref_model_zero called batch=1 splits=4
2025-09-04 15:09:34 DEBUG src ref_model_zero called batch=1 splits=4
2025-09-04 15:09:34 DEBUG src ref_model_zero called batch=1 splits=4
2025-09-04 15:09:34 DEBUG src ref_model_zero called batch=1 splits=4
2025-09-04 15:09:35 INFO src iter=19 evals_total=100 best_current=[0.174976,0.061533,0.175419,0.000959] dt_iter=183.595s dt_total=3619.748s
2025-09-04 15:12:35 DEBUG src ref_model_zero called batch=1 splits=4
2025-09-04 15:12:35 DEBUG src ref_model_zero called batch=1 splits=4
2025-09-04 15:12:35 DEBUG src ref_model_zero called batch=1 splits=4
2025-09-04 15:12:35 DEBUG src ref_model_zero called batch=1 splits=4
2025-09-04 15:12:35 DEBUG src ref_model_zero called batch=1 splits=4
2025-09-04 15:12:37 INFO src iter=20 evals_total=105 best_current=[0.174976,0.061533,0.175419,0.000959] dt_iter=181.396s dt_total=3801.148s
2025-09-04 15:12:37 INFO src optimizer_vpbo done total_evals=105 total_time=3801.150s
